This is XeTeX, Version 3.141592653-2.6-0.999997 (TeX Live 2025) (preloaded format=xelatex 2025.5.17)  31 MAY 2025 11:58
entering extended mode
 restricted \write18 enabled.
 %&-line parsing enabled.
**myPaper.tex
(./myPaper.tex
LaTeX2e <2024-11-01> patch level 2
L3 programming layer <2025-04-29>
(./CSICC.cls

LaTeX Warning: You have requested document class `CSICC',
               but the document class provides `CSICC2016'.

Document Class: CSICC2016 2024/05/02

(/home/abolfazl/Documents/Programs/Texlive/2025/texmf-dist/tex/latex/base/artic
le.cls
Document Class: article 2024/06/29 v1.4n Standard LaTeX document class

(/home/abolfazl/Documents/Programs/Texlive/2025/texmf-dist/tex/latex/base/size1
1.clo
File: size11.clo 2024/06/29 v1.4n Standard LaTeX file (size option)
)
\c@part=\count268
\c@section=\count269
\c@subsection=\count270
\c@subsubsection=\count271
\c@paragraph=\count272
\c@subparagraph=\count273
\c@figure=\count274
\c@table=\count275
\abovecaptionskip=\skip49
\belowcaptionskip=\skip50
\bibindent=\dimen146
)
(/home/abolfazl/Documents/Programs/Texlive/2025/texmf-dist/tex/latex/amscls/ams
thm.sty
Package: amsthm 2020/05/29 v2.20.6
\thm@style=\toks17
\thm@bodyfont=\toks18
\thm@headfont=\toks19
\thm@notefont=\toks20
\thm@headpunct=\toks21
\thm@preskip=\skip51
\thm@postskip=\skip52
\thm@headsep=\skip53
\dth@everypar=\toks22
)
(/home/abolfazl/Documents/Programs/Texlive/2025/texmf-dist/tex/latex/amsfonts/a
mssymb.sty
Package: amssymb 2013/01/14 v3.01 AMS font symbols

(/home/abolfazl/Documents/Programs/Texlive/2025/texmf-dist/tex/latex/amsfonts/a
msfonts.sty
Package: amsfonts 2013/01/14 v3.01 Basic AMSFonts support
\@emptytoks=\toks23
\symAMSa=\mathgroup4
\symAMSb=\mathgroup5
LaTeX Font Info:    Redeclaring math symbol \hbar on input line 98.
LaTeX Font Info:    Overwriting math alphabet `\mathfrak' in version `bold'
(Font)                  U/euf/m/n --> U/euf/b/n on input line 106.
))
(/home/abolfazl/Documents/Programs/Texlive/2025/texmf-dist/tex/latex/amsmath/am
smath.sty
Package: amsmath 2024/11/05 v2.17t AMS math features
\@mathmargin=\skip54

For additional information on amsmath, use the `?' option.

(/home/abolfazl/Documents/Programs/Texlive/2025/texmf-dist/tex/latex/amsmath/am
stext.sty
Package: amstext 2021/08/26 v2.01 AMS text

(/home/abolfazl/Documents/Programs/Texlive/2025/texmf-dist/tex/latex/amsmath/am
sgen.sty
File: amsgen.sty 1999/11/30 v2.0 generic functions
\@emptytoks=\toks24
\ex@=\dimen147
))
(/home/abolfazl/Documents/Programs/Texlive/2025/texmf-dist/tex/latex/amsmath/am
sbsy.sty
Package: amsbsy 1999/11/29 v1.2d Bold Symbols
\pmbraise@=\dimen148
)
(/home/abolfazl/Documents/Programs/Texlive/2025/texmf-dist/tex/latex/amsmath/am
sopn.sty
Package: amsopn 2022/04/08 v2.04 operator names
)
\inf@bad=\count276
LaTeX Info: Redefining \frac on input line 233.
\uproot@=\count277
\leftroot@=\count278
LaTeX Info: Redefining \overline on input line 398.
LaTeX Info: Redefining \colon on input line 409.
\classnum@=\count279
\DOTSCASE@=\count280
LaTeX Info: Redefining \ldots on input line 495.
LaTeX Info: Redefining \dots on input line 498.
LaTeX Info: Redefining \cdots on input line 619.
\Mathstrutbox@=\box53
\strutbox@=\box54
LaTeX Info: Redefining \big on input line 721.
LaTeX Info: Redefining \Big on input line 722.
LaTeX Info: Redefining \bigg on input line 723.
LaTeX Info: Redefining \Bigg on input line 724.
\big@size=\dimen149
LaTeX Font Info:    Redeclaring font encoding OML on input line 742.
LaTeX Font Info:    Redeclaring font encoding OMS on input line 743.
\macc@depth=\count281
LaTeX Info: Redefining \bmod on input line 904.
LaTeX Info: Redefining \pmod on input line 909.
LaTeX Info: Redefining \smash on input line 939.
LaTeX Info: Redefining \relbar on input line 969.
LaTeX Info: Redefining \Relbar on input line 970.
\c@MaxMatrixCols=\count282
\dotsspace@=\muskip17
\c@parentequation=\count283
\dspbrk@lvl=\count284
\tag@help=\toks25
\row@=\count285
\column@=\count286
\maxfields@=\count287
\andhelp@=\toks26
\eqnshift@=\dimen150
\alignsep@=\dimen151
\tagshift@=\dimen152
\tagwidth@=\dimen153
\totwidth@=\dimen154
\lineht@=\dimen155
\@envbody=\toks27
\multlinegap=\skip55
\multlinetaggap=\skip56
\mathdisplay@stack=\toks28
LaTeX Info: Redefining \[ on input line 2953.
LaTeX Info: Redefining \] on input line 2954.
)
(/home/abolfazl/Documents/Programs/Texlive/2025/texmf-dist/tex/latex/caption/su
bcaption.sty
Package: subcaption 2023/07/28 v1.6b Sub-captions (AR)

(/home/abolfazl/Documents/Programs/Texlive/2025/texmf-dist/tex/latex/caption/ca
ption.sty
Package: caption 2023/08/05 v3.6o Customizing captions (AR)

(/home/abolfazl/Documents/Programs/Texlive/2025/texmf-dist/tex/latex/caption/ca
ption3.sty
Package: caption3 2023/07/31 v2.4d caption3 kernel (AR)

(/home/abolfazl/Documents/Programs/Texlive/2025/texmf-dist/tex/latex/graphics/k
eyval.sty
Package: keyval 2022/05/29 v1.15 key=value parser (DPC)
\KV@toks@=\toks29
)
\caption@tempdima=\dimen156
\captionmargin=\dimen157
\caption@leftmargin=\dimen158
\caption@rightmargin=\dimen159
\caption@width=\dimen160
\caption@indent=\dimen161
\caption@parindent=\dimen162
\caption@hangindent=\dimen163
Package caption Info: Standard document class detected.
)
\c@caption@flags=\count288
\c@continuedfloat=\count289
)
Package caption Info: New subtype `subfigure' on input line 238.
\c@subfigure=\count290
Package caption Info: New subtype `subtable' on input line 238.
\c@subtable=\count291
)
(/home/abolfazl/Documents/Programs/Texlive/2025/texmf-dist/tex/latex/algorithms
/algorithm.sty
Invalid UTF-8 byte or sequence at line 11 replaced by U+FFFD.
Package: algorithm 2009/08/24 v0.1 Document Style `algorithm' - floating enviro
nment

(/home/abolfazl/Documents/Programs/Texlive/2025/texmf-dist/tex/latex/float/floa
t.sty
Package: float 2001/11/08 v1.3d Float enhancements (AL)
\c@float@type=\count292
\float@exts=\toks30
\float@box=\box55
\@float@everytoks=\toks31
\@floatcapt=\box56
)
(/home/abolfazl/Documents/Programs/Texlive/2025/texmf-dist/tex/latex/base/ifthe
n.sty
Package: ifthen 2024/03/16 v1.1e Standard LaTeX ifthen package (DPC)
)
\@float@every@algorithm=\toks32
\c@algorithm=\count293
)
(/home/abolfazl/Documents/Programs/Texlive/2025/texmf-dist/tex/latex/algorithms
/algorithmic.sty
Invalid UTF-8 byte or sequence at line 11 replaced by U+FFFD.
Package: algorithmic 2009/08/24 v0.1 Document Style `algorithmic'
\c@ALC@unique=\count294
\c@ALC@line=\count295
\c@ALC@rem=\count296
\c@ALC@depth=\count297
\ALC@tlm=\skip57
\algorithmicindent=\skip58
)
(/home/abolfazl/Documents/Programs/Texlive/2025/texmf-dist/tex/latex/sttools/cu
ted.sty
Package: cuted 2025/01/29 v2.4 Mixing onecolumn and twocolumn modes (ST)
\At@ViperColsBreak=\toks33
\preCutedStrip=\toks34
\postCutedStrip=\toks35
\cuted@@tempbox@a=\box57
\cuted@@tempbox@c=\box58
\cuted@@tempbox@var=\box59
\hold@viper=\box60
\@viper=\box61
\cuted@@varbox@a=\box62
\cuted@@varbox@c=\box63
\cuted@@tempdim@spread=\dimen164
\cuted@@tempdim@a=\dimen165
\cuted@@tempdim@b=\dimen166
\ht@hold@viper=\dimen167
\ht@viper=\dimen168
\var@@pagediscards@ht=\dimen169
\stripsep=\skip59
\viper@penalty=\count298
\strip@page@discards=\dimen170
)
(/home/abolfazl/Documents/Programs/Texlive/2025/texmf-dist/tex/latex/graphics/g
raphicx.sty
Package: graphicx 2021/09/16 v1.2d Enhanced LaTeX Graphics (DPC,SPQR)

(/home/abolfazl/Documents/Programs/Texlive/2025/texmf-dist/tex/latex/graphics/g
raphics.sty
Package: graphics 2024/08/06 v1.4g Standard LaTeX Graphics (DPC,SPQR)

(/home/abolfazl/Documents/Programs/Texlive/2025/texmf-dist/tex/latex/graphics/t
rig.sty
Package: trig 2023/12/02 v1.11 sin cos tan (DPC)
)
(/home/abolfazl/Documents/Programs/Texlive/2025/texmf-dist/tex/latex/graphics-c
fg/graphics.cfg
File: graphics.cfg 2016/06/04 v1.11 sample graphics configuration
)
Package graphics Info: Driver file: xetex.def on input line 106.

(/home/abolfazl/Documents/Programs/Texlive/2025/texmf-dist/tex/latex/graphics-d
ef/xetex.def
File: xetex.def 2022/09/22 v5.0n Graphics/color driver for xetex
))
\Gin@req@height=\dimen171
\Gin@req@width=\dimen172
)
(/home/abolfazl/Documents/Programs/Texlive/2025/texmf-dist/tex/latex/endnotes/e
ndnotes.sty
Invalid UTF-8 byte or sequence at line 118 replaced by U+FFFD.
Invalid UTF-8 byte or sequence at line 118 replaced by U+FFFD.
Invalid UTF-8 byte or sequence at line 121 replaced by U+FFFD.
Invalid UTF-8 byte or sequence at line 121 replaced by U+FFFD.
Package: endnotes 2020-01-02 endnotes package
\c@endnote=\count299
\endnotesep=\dimen173
\@enotes=\write3
)
(/home/abolfazl/Documents/Programs/Texlive/2025/texmf-dist/tex/latex/preprint/a
uthblk.sty
Package: authblk 2001/02/27 1.3 (PWD)
\affilsep=\skip60
\@affilsep=\skip61
\c@Maxaffil=\count300
\c@authors=\count301
\c@affil=\count302
)
(/home/abolfazl/Documents/Programs/Texlive/2025/texmf-dist/tex/latex/geometry/g
eometry.sty
Package: geometry 2020/01/02 v5.9 Page Geometry

(/home/abolfazl/Documents/Programs/Texlive/2025/texmf-dist/tex/generic/iftex/if
vtex.sty
Package: ifvtex 2019/10/25 v1.7 ifvtex legacy package. Use iftex instead.

(/home/abolfazl/Documents/Programs/Texlive/2025/texmf-dist/tex/generic/iftex/if
tex.sty
Package: iftex 2024/12/12 v1.0g TeX engine tests
))
\Gm@cnth=\count303
\Gm@cntv=\count304
\c@Gm@tempcnt=\count305
\Gm@bindingoffset=\dimen174
\Gm@wd@mp=\dimen175
\Gm@odd@mp=\dimen176
\Gm@even@mp=\dimen177
\Gm@layoutwidth=\dimen178
\Gm@layoutheight=\dimen179
\Gm@layouthoffset=\dimen180
\Gm@layoutvoffset=\dimen181
\Gm@dimlist=\toks36
)
(/home/abolfazl/Documents/Programs/Texlive/2025/texmf-dist/tex/latex/hyperref/h
yperref.sty
Package: hyperref 2025-05-20 v7.01m Hypertext links for LaTeX

(/home/abolfazl/Documents/Programs/Texlive/2025/texmf-dist/tex/latex/kvsetkeys/
kvsetkeys.sty
Package: kvsetkeys 2022-10-05 v1.19 Key value parser (HO)
)
(/home/abolfazl/Documents/Programs/Texlive/2025/texmf-dist/tex/generic/kvdefine
keys/kvdefinekeys.sty
Package: kvdefinekeys 2019-12-19 v1.6 Define keys (HO)
)
(/home/abolfazl/Documents/Programs/Texlive/2025/texmf-dist/tex/generic/pdfescap
e/pdfescape.sty
Package: pdfescape 2019/12/09 v1.15 Implements pdfTeX's escape features (HO)

(/home/abolfazl/Documents/Programs/Texlive/2025/texmf-dist/tex/generic/ltxcmds/
ltxcmds.sty
Package: ltxcmds 2023-12-04 v1.26 LaTeX kernel commands for general use (HO)
)
(/home/abolfazl/Documents/Programs/Texlive/2025/texmf-dist/tex/generic/pdftexcm
ds/pdftexcmds.sty
Package: pdftexcmds 2020-06-27 v0.33 Utility functions of pdfTeX for LuaTeX (HO
)

(/home/abolfazl/Documents/Programs/Texlive/2025/texmf-dist/tex/generic/infwarer
r/infwarerr.sty
Package: infwarerr 2019/12/03 v1.5 Providing info/warning/error messages (HO)
)
Package pdftexcmds Info: \pdf@primitive is available.
Package pdftexcmds Info: \pdf@ifprimitive is available.
Package pdftexcmds Info: \pdfdraftmode not found.
))
(/home/abolfazl/Documents/Programs/Texlive/2025/texmf-dist/tex/latex/hycolor/hy
color.sty
Package: hycolor 2020-01-27 v1.10 Color options for hyperref/bookmark (HO)
)
(/home/abolfazl/Documents/Programs/Texlive/2025/texmf-dist/tex/latex/hyperref/n
ameref.sty
Package: nameref 2023-11-26 v2.56 Cross-referencing by name of section

(/home/abolfazl/Documents/Programs/Texlive/2025/texmf-dist/tex/latex/refcount/r
efcount.sty
Package: refcount 2019/12/15 v3.6 Data extraction from label references (HO)
)
(/home/abolfazl/Documents/Programs/Texlive/2025/texmf-dist/tex/generic/gettitle
string/gettitlestring.sty
Package: gettitlestring 2019/12/15 v1.6 Cleanup title references (HO)

(/home/abolfazl/Documents/Programs/Texlive/2025/texmf-dist/tex/latex/kvoptions/
kvoptions.sty
Package: kvoptions 2022-06-15 v3.15 Key value format for package options (HO)
))
\c@section@level=\count306
)
(/home/abolfazl/Documents/Programs/Texlive/2025/texmf-dist/tex/latex/etoolbox/e
toolbox.sty
Package: etoolbox 2025/02/11 v2.5l e-TeX tools for LaTeX (JAW)
\etb@tempcnta=\count307
)
(/home/abolfazl/Documents/Programs/Texlive/2025/texmf-dist/tex/generic/stringen
c/stringenc.sty
Package: stringenc 2019/11/29 v1.12 Convert strings between diff. encodings (HO
)
)
\@linkdim=\dimen182
\Hy@linkcounter=\count308
\Hy@pagecounter=\count309

(/home/abolfazl/Documents/Programs/Texlive/2025/texmf-dist/tex/latex/hyperref/p
d1enc.def
File: pd1enc.def 2025-05-20 v7.01m Hyperref: PDFDocEncoding definition (HO)
)
(/home/abolfazl/Documents/Programs/Texlive/2025/texmf-dist/tex/generic/intcalc/
intcalc.sty
Package: intcalc 2019/12/15 v1.3 Expandable calculations with integers (HO)
)
\Hy@SavedSpaceFactor=\count310

(/home/abolfazl/Documents/Programs/Texlive/2025/texmf-dist/tex/latex/hyperref/p
uenc.def
File: puenc.def 2025-05-20 v7.01m Hyperref: PDF Unicode definition (HO)
)
Package hyperref Info: Option `colorlinks' set `true' on input line 4040.
Package hyperref Info: Hyper figures OFF on input line 4157.
Package hyperref Info: Link nesting OFF on input line 4162.
Package hyperref Info: Hyper index ON on input line 4165.
Package hyperref Info: Plain pages OFF on input line 4172.
Package hyperref Info: Backreferencing ON on input line 4175.
Package hyperref Info: Implicit mode ON; LaTeX internals redefined.
Package hyperref Info: Bookmarks ON on input line 4424.

(/home/abolfazl/Documents/Programs/Texlive/2025/texmf-dist/tex/latex/hyperref/b
ackref.sty
Package: backref 2023-11-26 v1.44 Bibliographical back referencing

(/home/abolfazl/Documents/Programs/Texlive/2025/texmf-dist/tex/latex/rerunfilec
heck/rerunfilecheck.sty
Package: rerunfilecheck 2022-07-10 v1.10 Rerun checks for auxiliary files (HO)

(/home/abolfazl/Documents/Programs/Texlive/2025/texmf-dist/tex/latex/base/atver
yend-ltx.sty
Package: atveryend-ltx 2020/08/19 v1.0a Emulation of the original atveryend pac
kage
with kernel methods
)
(/home/abolfazl/Documents/Programs/Texlive/2025/texmf-dist/tex/generic/uniqueco
unter/uniquecounter.sty
Package: uniquecounter 2019/12/15 v1.4 Provide unlimited unique counter (HO)

(/home/abolfazl/Documents/Programs/Texlive/2025/texmf-dist/tex/generic/bigintca
lc/bigintcalc.sty
Package: bigintcalc 2019/12/15 v1.5 Expandable calculations on big integers (HO
)
))
Package uniquecounter Info: New unique counter `rerunfilecheck' on input line 2
85.
))
\c@Hy@tempcnt=\count311

(/home/abolfazl/Documents/Programs/Texlive/2025/texmf-dist/tex/latex/url/url.st
y
\Urlmuskip=\muskip18
Package: url 2013/09/16  ver 3.4  Verb mode for urls, etc.
)
LaTeX Info: Redefining \url on input line 4763.
\XeTeXLinkMargin=\dimen183

(/home/abolfazl/Documents/Programs/Texlive/2025/texmf-dist/tex/generic/bitset/b
itset.sty
Package: bitset 2019/12/09 v1.3 Handle bit-vector datatype (HO)
)
\Fld@menulength=\count312
\Field@Width=\dimen184
\Fld@charsize=\dimen185
Package hyperref Info: Hyper figures OFF on input line 6042.
Package hyperref Info: Link nesting OFF on input line 6047.
Package hyperref Info: Hyper index ON on input line 6050.
Package hyperref Info: backreferencing ON on input line 6055.
Package hyperref Info: Link coloring ON on input line 6060.
Package hyperref Info: Link coloring with OCG OFF on input line 6067.
Package hyperref Info: PDF/A mode OFF on input line 6072.

(/home/abolfazl/Documents/Programs/Texlive/2025/texmf-dist/tex/latex/base/atbeg
shi-ltx.sty
Package: atbegshi-ltx 2021/01/10 v1.0c Emulation of the original atbegshi
package with kernel methods
)
\Hy@abspage=\count313
\c@Item=\count314
\c@Hfootnote=\count315
)
Package hyperref Info: Driver (autodetected): hxetex.

(/home/abolfazl/Documents/Programs/Texlive/2025/texmf-dist/tex/latex/hyperref/h
xetex.def
File: hxetex.def 2025-05-20 v7.01m Hyperref driver for XeTeX
\pdfm@box=\box64
\c@Hy@AnnotLevel=\count316
\HyField@AnnotCount=\count317
\Fld@listcount=\count318
\c@bookmark@seq@number=\count319
\Hy@SectionHShift=\skip62
)
(/home/abolfazl/Documents/Programs/Texlive/2025/texmf-dist/tex/xelatex/xepersia
n/xepersian.sty
Package: xepersian 2025/02/02 v25.2.2 (Release Persian Gate) Persian typesettin
g in XeLaTeX

****************************************************
* 
* xepersian package (Persian for LaTeX, using XeTeX engine)
* 
* Description: The package supports Persian
* typesetting, using fonts provided in the
* distribution.
* 
* Copyright (c) 2008--2025 Vafa Khalighi
* Copyright (c) 2018--2020 bidi-tex GitHub Organization
* 
* v25.2.2 (Release Persian Gate), 2025/02/02
* 
* License: LaTeX Project Public License, version
* 1.3c or higher (your choice)
* 
* Location on CTAN: /macros/xetex/latex/xepersian
* 
* Issue tracker: https://github.com/xepersian/xepersian/issues
* 
* Discussions: https://github.com/xepersian/xepersian/discussions
* 
* Primary author of xepersian package: Vafa Khalighi.
* 
****************************************************

(/home/abolfazl/Documents/Programs/Texlive/2025/texmf-dist/tex/latex/fontspec/f
ontspec.sty
(/home/abolfazl/Documents/Programs/Texlive/2025/texmf-dist/tex/latex/l3packages
/xparse/xparse.sty
(/home/abolfazl/Documents/Programs/Texlive/2025/texmf-dist/tex/latex/l3kernel/e
xpl3.sty
Package: expl3 2025-04-29 L3 programming layer (loader) 

(/home/abolfazl/Documents/Programs/Texlive/2025/texmf-dist/tex/latex/l3backend/
l3backend-xetex.def
File: l3backend-xetex.def 2025-04-14 L3 backend support: XeTeX
\g__graphics_track_int=\count320
\g__pdfannot_backend_int=\count321
\g__pdfannot_backend_link_int=\count322
))
Package: xparse 2024-08-16 L3 Experimental document command parser
)
Package: fontspec 2024/05/11 v2.9e Font selection for XeLaTeX and LuaLaTeX

(/home/abolfazl/Documents/Programs/Texlive/2025/texmf-dist/tex/latex/fontspec/f
ontspec-xetex.sty
Package: fontspec-xetex 2024/05/11 v2.9e Font selection for XeLaTeX and LuaLaTe
X
\l__fontspec_script_int=\count323
\l__fontspec_language_int=\count324
\l__fontspec_strnum_int=\count325
\l__fontspec_tmp_int=\count326
\l__fontspec_tmpa_int=\count327
\l__fontspec_tmpb_int=\count328
\l__fontspec_tmpc_int=\count329
\l__fontspec_em_int=\count330
\l__fontspec_emdef_int=\count331
\l__fontspec_strong_int=\count332
\l__fontspec_strongdef_int=\count333
\l__fontspec_tmpa_dim=\dimen186
\l__fontspec_tmpb_dim=\dimen187
\l__fontspec_tmpc_dim=\dimen188

(/home/abolfazl/Documents/Programs/Texlive/2025/texmf-dist/tex/latex/base/fonte
nc.sty
Package: fontenc 2021/04/29 v2.0v Standard LaTeX package
)
(/home/abolfazl/Documents/Programs/Texlive/2025/texmf-dist/tex/latex/fontspec/f
ontspec.cfg)))
(/home/abolfazl/Documents/Programs/Texlive/2025/texmf-dist/tex/xelatex/xepersia
n/xepersian-persiancal.sty
Package: xepersian-persiancal 2025/01/01 v0.3 provides Persian calendar
\XePersian@i=\count334
\XePersian@y=\count335
\XePersian@m=\count336
\XePersian@d=\count337
\XePersian@latini=\count338
\XePersian@persiani=\count339
\XePersian@latinii=\count340
\XePersian@persianii=\count341
\XePersian@latiniii=\count342
\XePersian@persianiii=\count343
\XePersian@latiniv=\count344
\XePersian@persianiv=\count345
\XePersian@latinv=\count346
\XePersian@persianv=\count347
\XePersian@latinvi=\count348
\XePersian@persianvi=\count349
\XePersian@latinvii=\count350
\XePersian@persianvii=\count351
\XePersian@latinviii=\count352
\XePersian@persianviii=\count353
\XePersian@latinix=\count354
\XePersian@persianix=\count355
\XePersian@latinx=\count356
\XePersian@persianx=\count357
\XePersian@latinxi=\count358
\XePersian@persianxi=\count359
\XePersian@latinxii=\count360
\XePersian@persianxii=\count361
\XePersian@persianxiii=\count362
\XePersian@temp=\count363
\XePersian@temptwo=\count364
\XePersian@tempthree=\count365
\XePersian@yModHundred=\count366
\XePersian@thirtytwo=\count367
\XePersian@dn=\count368
\XePersian@sn=\count369
\XePersian@mminusone=\count370
)
(/home/abolfazl/Documents/Programs/Texlive/2025/texmf-dist/tex/xelatex/xepersia
n/unicode-persianmath.sty
Package: unicode-persianmath 2025/02/02 v1.2.3 Unicode Persian math
)
(/home/abolfazl/Documents/Programs/Texlive/2025/texmf-dist/tex/xelatex/bidi/bid
i.sty
Package: bidi 2025/02/02 v25.2.2 (Release Maryam Mirzakhani) Bidirectional type
setting in plain TeX and LaTeX

****************************************************
* 
* bidi package (Bidirectional typesetting in
* plain TeX and LaTeX, using XeTeX engine)
* 
* Description: A convenient interface for
* typesetting bidirectional texts in plain TeX
* and LaTeX. The package includes adaptations
* for use with many other commonly-used packages.
* 
* Copyright (c) 2007--2025 Vafa Khalighi
* Copyright (c) 2018--2020 bidi-tex GitHub organization
* 
* v25.2.2 (Release Maryam Mirzakhani), 2025/02/02
* 
* License: LaTeX Project Public License, version
* 1.3c or higher (your choice)
* 
* Location on CTAN: /macros/xetex/latex/bidi
* 
* Issue tracker: https://github.com/xepersian/bidi/issues
* 
* Discussions: https://github.com/xepersian/bidi/discussions
* 
* Primary author of bidi package: Vafa Khalighi.
* 
****************************************************

(/home/abolfazl/Documents/Programs/Texlive/2025/texmf-dist/tex/xelatex/bidi/bid
itools.sty
Package: biditools 2025/02/02 v2.7 Programming tools for bidi package
\@bidi@envbody=\toks37
\@bidi@emptytoks=\toks38
\bidi@poscount=\count371
\bidi@tempcountb=\count372
\bidi@temptoksa=\toks39
\bidi@temptoksb=\toks40
\bidi@dummies=\count373
\bidi@are@these@correct=\toks41
\bidi@toks@lista=\toks42
\bidi@toks@listb=\toks43
\bidi@stack@length=\count374
\bidi@empty@stack=\toks44
\bidi@looprepeat@depth=\count375
)
(/home/abolfazl/Documents/Programs/Texlive/2025/texmf-dist/tex/latex/zref/zref-
abspage.sty
Package: zref-abspage 2023-09-14 v2.35 Module abspage for zref (HO)

(/home/abolfazl/Documents/Programs/Texlive/2025/texmf-dist/tex/latex/zref/zref-
base.sty
Package: zref-base 2023-09-14 v2.35 Module base for zref (HO)

(/home/abolfazl/Documents/Programs/Texlive/2025/texmf-dist/tex/generic/etexcmds
/etexcmds.sty
Package: etexcmds 2019/12/15 v1.7 Avoid name clashes with e-TeX commands (HO)
)
(/home/abolfazl/Documents/Programs/Texlive/2025/texmf-dist/tex/latex/auxhook/au
xhook.sty
Package: auxhook 2019-12-17 v1.6 Hooks for auxiliary files (HO)
)
Package zref Info: New property list: main on input line 767.
Package zref Info: New property: default on input line 768.
Package zref Info: New property: page on input line 769.
)
\c@abspage=\count376
Package zref Info: New property: abspage on input line 67.
)
\@bidi@copyins@=\insert252
\bidi@typesethour=\count377
\bidi@typesetminute=\count378

(/home/abolfazl/Documents/Programs/Texlive/2025/texmf-dist/tex/xelatex/bidi/lat
ex-xetex-bidi.def
File: latex-xetex-bidi.def 2025/01/03 v1.5.2 bidi adaptations for `latex.ltx' f
or XeTeX engine
\bidi@n@everypar=\toks45
LaTeX Info: Redefining \centerline on input line 316.
LaTeX Info: Redefining \leftline on input line 325.
LaTeX Info: Redefining \rightline on input line 326.
LaTeX Info: Redefining \underline on input line 334.
\bidi@column@check@number=\count379

(/home/abolfazl/Documents/Programs/Texlive/2025/texmf-dist/tex/xelatex/bidi/foo
tnote-xetex-bidi.def
File: footnote-xetex-bidi.def 2024/12/14 v1.3 bidi footnote macros for XeTeX en
gine
\c@footdir@label=\count380
\footdir@toks=\toks46
)
(/home/abolfazl/Documents/Programs/Texlive/2025/texmf-dist/tex/xelatex/bidi/art
icle-xetex-bidi.def
File: article-xetex-bidi.def 2025/01/05 v0.9 bidi adaptations for standard arti
cle class for XeTeX engine
)
(/home/abolfazl/Documents/Programs/Texlive/2025/texmf-dist/tex/xelatex/bidi/ams
math-xetex-bidi.def
File: amsmath-xetex-bidi.def 2020/05/16 v1.2 bidi adaptations for amsmath packa
ge for XeTeX engine
)
(/home/abolfazl/Documents/Programs/Texlive/2025/texmf-dist/tex/xelatex/bidi/ams
text-xetex-bidi.def
File: amstext-xetex-bidi.def 2016/09/12 v0.2 bidi adaptations for amstext packa
ge for XeTeX engine
)
(/home/abolfazl/Documents/Programs/Texlive/2025/texmf-dist/tex/xelatex/bidi/ams
thm-xetex-bidi.def
File: amsthm-xetex-bidi.def 2010/07/25 v0.1 bidi adaptations for amsthm package
 for XeTeX engine
)
(/home/abolfazl/Documents/Programs/Texlive/2025/texmf-dist/tex/xelatex/bidi/cap
tion-xetex-bidi.def
File: caption-xetex-bidi.def 2010/07/25 v0.1 bidi adaptations for caption packa
ge for XeTeX engine
)
(/home/abolfazl/Documents/Programs/Texlive/2025/texmf-dist/tex/xelatex/bidi/cap
tion3-xetex-bidi.def
File: caption3-xetex-bidi.def 2013/04/01 v0.1 bidi adaptations for caption3 pac
kage for XeTeX engine
)
(/home/abolfazl/Documents/Programs/Texlive/2025/texmf-dist/tex/xelatex/bidi/cut
ed-xetex-bidi.def
File: cuted-xetex-bidi.def 2022/02/18 v0.7 bidi adaptations for cuted package f
or XeTeX engine
)
(/home/abolfazl/Documents/Programs/Texlive/2025/texmf-dist/tex/xelatex/bidi/flo
at-xetex-bidi.def
File: float-xetex-bidi.def 2013/04/04 v0.2 bidi adaptations for float package f
or XeTeX engine
)
(/home/abolfazl/Documents/Programs/Texlive/2025/texmf-dist/tex/xelatex/bidi/geo
metry-xetex-bidi.def
File: geometry-xetex-bidi.def 2017/01/14 v0.2 bidi adaptations for geometry pac
kage for XeTeX engine
)
(/home/abolfazl/Documents/Programs/Texlive/2025/texmf-dist/tex/xelatex/bidi/gra
phicx-xetex-bidi.def
File: graphicx-xetex-bidi.def 2017/06/17 v0.5 bidi adaptations for graphicx pac
kage for XeTeX engine
)
(/home/abolfazl/Documents/Programs/Texlive/2025/texmf-dist/tex/xelatex/bidi/hyp
erref-xetex-bidi.def
File: hyperref-xetex-bidi.def 2025/01/05 v1.4 bidi adaptations for hyperref pac
kage for XeTeX engine
))
\bidi@digits=\count381
\bidi@digits@charclass=\XeTeXcharclass1
\bidi@sepmark@charclass=\XeTeXcharclass2
)
\xepersian@tcl=\count382
\xepersian@ilg=\dimen189
\xepersian@strutilg=\dimen190

(/home/abolfazl/Documents/Programs/Texlive/2025/texmf-dist/tex/xelatex/xepersia
n/footnote-xetex-bidi-xetex-xepersian.def
File: footnote-xetex-bidi-xetex-xepersian.def 2017/08/09 v0.6 xepersian adaptat
ions for footnotes for XeTeX engine
)
(/home/abolfazl/Documents/Programs/Texlive/2025/texmf-dist/tex/xelatex/xepersia
n/article-xetex-xepersian.def
File: article-xetex-xepersian.def 2010/07/25 v0.2 xepersian adaptations for sta
ndard article class for XeTeX engine
)
(/home/abolfazl/Documents/Programs/Texlive/2025/texmf-dist/tex/xelatex/xepersia
n/algorithm-xetex-xepersian.def
File: algorithm-xetex-xepersian.def 2010/07/25 v0.2 xepersian adaptations for a
lgorithm package for XeTeX engine
)
(/home/abolfazl/Documents/Programs/Texlive/2025/texmf-dist/tex/xelatex/xepersia
n/algorithmic-xetex-xepersian.def
File: algorithmic-xetex-xepersian.def 2010/07/25 v0.2 xepersian adaptations for
 algorithmic package for XeTeX engine
)
(/home/abolfazl/Documents/Programs/Texlive/2025/texmf-dist/tex/xelatex/xepersia
n/backref-xetex-xepersian.def
File: backref-xetex-xepersian.def 2010/07/25 v0.1 xepersian adaptations for bac
kref package for XeTeX engine
)
(/home/abolfazl/Documents/Programs/Texlive/2025/texmf-dist/tex/xelatex/xepersia
n/hyperref-xetex-xepersian.def
File: hyperref-xetex-xepersian.def 2022/10/30 v0.8 xepersian adaptations for hy
perref package for XeTeX engine
)
(/home/abolfazl/Documents/Programs/Texlive/2025/texmf-dist/tex/xelatex/xepersia
n/url-xetex-xepersian.def
File: url-xetex-xepersian.def 2022/02/18 v0.1 xepersian adaptations for url pac
kage for XeTeX engine
)
\xepersian@toks=\toks47
)

Package fontspec Info: 
(fontspec)             Font family 'lmroman10-regular(0)' created for font
(fontspec)             'lmroman10-regular' with options
(fontspec)             [Ligatures=TeX,Path,BoldFont={lmroman10-bold},BoldItalic
Font={lmroman10-bolditalic},ItalicFont={lmroman10-italic},SmallCapsFont={lmroma
ncaps10-regular},SlantedFont={lmromanslant10-regular},BoldSlantedFont={lmromans
lant10-bold}].
(fontspec)              
(fontspec)              This font family consists of the following NFSS
(fontspec)             series/shapes:
(fontspec)              
(fontspec)             - 'normal' (m/n) with NFSS spec.:
(fontspec)             <->"[lmroman10-regular]/OT:script=latn;language=dflt;map
ping=tex-text;"
(fontspec)             - 'small caps'  (m/sc) with NFSS spec.:
(fontspec)             <->"[lmromancaps10-regular]/OT:script=latn;language=dflt
;mapping=tex-text;"
(fontspec)             - 'bold' (b/n) with NFSS spec.:
(fontspec)             <->"[lmroman10-bold]/OT:script=latn;language=dflt;mappin
g=tex-text;"
(fontspec)             - 'bold small caps'  (b/sc) with NFSS spec.:
(fontspec)             <->"[lmromancaps10-regular]/OT:script=latn;language=dflt
;mapping=tex-text;"
(fontspec)             - 'italic' (m/it) with NFSS spec.:
(fontspec)             <->"[lmroman10-italic]/OT:script=latn;language=dflt;mapp
ing=tex-text;"
(fontspec)             - 'italic small caps'  (m/scit) with NFSS spec.:
(fontspec)             <->"[lmromancaps10-regular]/OT:script=latn;language=dflt
;mapping=tex-text;"
(fontspec)             - 'slanted' (m/sl) with NFSS spec.:
(fontspec)             <->"[lmromanslant10-regular]/OT:script=latn;language=dfl
t;mapping=tex-text;"
(fontspec)             - 'slanted small caps'  (m/scsl) with NFSS spec.:
(fontspec)             <->"[lmromancaps10-regular]/OT:script=latn;language=dflt
;mapping=tex-text;"
(fontspec)             - 'bold italic' (b/it) with NFSS spec.:
(fontspec)             <->"[lmroman10-bolditalic]/OT:script=latn;language=dflt;
mapping=tex-text;"
(fontspec)             - 'bold italic small caps'  (b/scit) with NFSS spec.:
(fontspec)             <->"[lmromancaps10-regular]/OT:script=latn;language=dflt
;mapping=tex-text;"
(fontspec)             - 'bold slanted' (b/sl) with NFSS spec.:
(fontspec)             <->"[lmromanslant10-bold]/OT:script=latn;language=dflt;m
apping=tex-text;"
(fontspec)             - 'bold slanted small caps'  (b/scsl) with NFSS spec.:
(fontspec)             <->"[lmromancaps10-regular]/OT:script=latn;language=dflt
;mapping=tex-text;"


Package fontspec Info: 
(fontspec)             IRMitra scale = 1.


Package fontspec Info: 
(fontspec)             IRMitra scale = 1.


Package fontspec Info: 
(fontspec)             IRMitra/B scale = 1.


Package fontspec Info: 
(fontspec)             IRMitra/I scale = 1.


Package fontspec Info: 
(fontspec)             IRMitra/BI scale = 1.


Package fontspec Info: 
(fontspec)             Font family 'IRMitra(0)' created for font 'IRMitra'
(fontspec)             with options
(fontspec)             [RawFeature={script=arab},Ligatures=PersianTeX,Scale=1].

(fontspec)              
(fontspec)              This font family consists of the following NFSS
(fontspec)             series/shapes:
(fontspec)              
(fontspec)             - 'normal' (m/n) with NFSS spec.:
(fontspec)             <->s*[1]"IRMitra/OT:language=dflt;script=arab;mapping=pe
rsian-tex-text;"
(fontspec)             - 'bold' (b/n) with NFSS spec.:
(fontspec)             <->s*[1]"IRMitra/B/OT:language=dflt;script=arab;mapping=
persian-tex-text;"
(fontspec)             - 'italic' (m/it) with NFSS spec.:
(fontspec)             <->s*[1]"IRMitra/I/OT:language=dflt;script=arab;mapping=
persian-tex-text;"
(fontspec)             - 'bold italic' (b/it) with NFSS spec.:
(fontspec)             <->s*[1]"IRMitra/BI/OT:language=dflt;script=arab;mapping
=persian-tex-text;"

LaTeX Font Info:    Font shape `TU/IRMitra(0)/m/n' will be
(Font)              scaled to size 10.95pt on input line 46.

Package fontspec Info: 
(fontspec)             Times New Roman scale = .88.


Package fontspec Info: 
(fontspec)             Times New Roman scale = .88.


Package fontspec Info: 
(fontspec)             Times New Roman/B scale = .88.


Package fontspec Info: 
(fontspec)             Times New Roman/I scale = .88.


Package fontspec Info: 
(fontspec)             Times New Roman/BI scale = .88.


Package fontspec Info: 
(fontspec)             Font family 'TimesNewRoman(0)' created for font 'Times
(fontspec)             New Roman' with options [Ligatures=TeX,Scale=.88].
(fontspec)              
(fontspec)              This font family consists of the following NFSS
(fontspec)             series/shapes:
(fontspec)              
(fontspec)             - 'normal' (m/n) with NFSS spec.: <->s*[.88]"Times New
(fontspec)             Roman/OT:script=latn;language=dflt;mapping=tex-text;"
(fontspec)             - 'bold' (b/n) with NFSS spec.: <->s*[.88]"Times New
(fontspec)             Roman/B/OT:script=latn;language=dflt;mapping=tex-text;"
(fontspec)             - 'italic' (m/it) with NFSS spec.: <->s*[.88]"Times New
(fontspec)             Roman/I/OT:script=latn;language=dflt;mapping=tex-text;"
(fontspec)             - 'bold italic' (b/it) with NFSS spec.:
(fontspec)             <->s*[.88]"Times New
(fontspec)             Roman/BI/OT:script=latn;language=dflt;mapping=tex-text;"


LaTeX Info: Redefining \latinfont on input line 47.

Package fontspec Info: 
(fontspec)             IRMitra Bold scale = 1.5.


Package fontspec Info: 
(fontspec)             Could not resolve font "IRMitra Bold/B" (it probably
(fontspec)             doesn't exist).


Package fontspec Info: 
(fontspec)             IRMitra Bold scale = 1.5.


Package fontspec Info: 
(fontspec)             IRMitra Bold/I scale = 1.5.


Package fontspec Info: 
(fontspec)             IRMitra Bold/BI scale = 1.5.


Package fontspec Info: 
(fontspec)             Font family 'IRMitraBold(0)' created for font 'IRMitra
(fontspec)             Bold' with options
(fontspec)             [RawFeature={script=arab},Ligatures=PersianTeX,Scale=1.5
].
(fontspec)              
(fontspec)              This font family consists of the following NFSS
(fontspec)             series/shapes:
(fontspec)              
(fontspec)             - 'normal' (m/n) with NFSS spec.: <->s*[1.5]"IRMitra
(fontspec)             Bold/OT:language=dflt;script=arab;mapping=persian-tex-te
xt;"
(fontspec)             - 'italic' (m/it) with NFSS spec.: <->s*[1.5]"IRMitra
(fontspec)             Bold/I/OT:language=dflt;script=arab;mapping=persian-tex-
text;"
(fontspec)             - 'bold italic' (b/it) with NFSS spec.:
(fontspec)             <->s*[1.5]"IRMitra
(fontspec)             Bold/BI/OT:language=dflt;script=arab;mapping=persian-tex
-text;"


Package fontspec Info: 
(fontspec)             IRMitra Bold scale = .95.


Package fontspec Info: 
(fontspec)             Could not resolve font "IRMitra Bold/B" (it probably
(fontspec)             doesn't exist).


Package fontspec Info: 
(fontspec)             IRMitra Bold scale = .95.


Package fontspec Info: 
(fontspec)             IRMitra Bold/I scale = .95.


Package fontspec Info: 
(fontspec)             IRMitra Bold/BI scale = .95.


Package fontspec Info: 
(fontspec)             Font family 'IRMitraBold(1)' created for font 'IRMitra
(fontspec)             Bold' with options
(fontspec)             [RawFeature={script=arab},Ligatures=PersianTeX,Scale=.95
].
(fontspec)              
(fontspec)              This font family consists of the following NFSS
(fontspec)             series/shapes:
(fontspec)              
(fontspec)             - 'normal' (m/n) with NFSS spec.: <->s*[.95]"IRMitra
(fontspec)             Bold/OT:language=dflt;script=arab;mapping=persian-tex-te
xt;"
(fontspec)             - 'italic' (m/it) with NFSS spec.: <->s*[.95]"IRMitra
(fontspec)             Bold/I/OT:language=dflt;script=arab;mapping=persian-tex-
text;"
(fontspec)             - 'bold italic' (b/it) with NFSS spec.:
(fontspec)             <->s*[.95]"IRMitra
(fontspec)             Bold/BI/OT:language=dflt;script=arab;mapping=persian-tex
-text;"

\c@theorem=\count383
\c@principle=\count384
\c@lemma=\count385
\c@proposition=\count386
\c@definition=\count387
\c@corollary=\count388
\c@remark=\count389
)
(/home/abolfazl/Documents/Programs/Texlive/2025/texmf-dist/tex/xelatex/bidi/flo
at-xetex-bidi.def
File: float-xetex-bidi.def 2013/04/04 v0.2 bidi adaptations for float package f
or XeTeX engine
) (./myPaper.aux)
\openout1 = `myPaper.aux'.

LaTeX Font Info:    Checking defaults for OML/cmm/m/it on input line 31.
LaTeX Font Info:    ... okay on input line 31.
LaTeX Font Info:    Checking defaults for OMS/cmsy/m/n on input line 31.
LaTeX Font Info:    ... okay on input line 31.
LaTeX Font Info:    Checking defaults for OT1/cmr/m/n on input line 31.
LaTeX Font Info:    ... okay on input line 31.
LaTeX Font Info:    Checking defaults for T1/cmr/m/n on input line 31.
LaTeX Font Info:    ... okay on input line 31.
LaTeX Font Info:    Checking defaults for TS1/cmr/m/n on input line 31.
LaTeX Font Info:    ... okay on input line 31.
LaTeX Font Info:    Checking defaults for TU/lmr/m/n on input line 31.
LaTeX Font Info:    ... okay on input line 31.
LaTeX Font Info:    Checking defaults for OMX/cmex/m/n on input line 31.
LaTeX Font Info:    ... okay on input line 31.
LaTeX Font Info:    Checking defaults for U/cmr/m/n on input line 31.
LaTeX Font Info:    ... okay on input line 31.
LaTeX Font Info:    Checking defaults for PD1/pdf/m/n on input line 31.
LaTeX Font Info:    ... okay on input line 31.
LaTeX Font Info:    Checking defaults for PU/pdf/m/n on input line 31.
LaTeX Font Info:    ... okay on input line 31.
Package caption Info: Begin \AtBeginDocument code.
Package caption Info: float package is loaded.
Package caption Info: hyperref package is loaded.
Package caption Info: End \AtBeginDocument code.

*geometry* driver: auto-detecting
*geometry* detected driver: xetex
*geometry* verbose mode - [ preamble ] result:
* driver: xetex
* paper: a4paper
* layout: <same size as paper>
* layoutoffset:(h,v)=(0.0pt,0.0pt)
* modes: 
* h-part:(L,W,R)=(56.9055pt, 483.69687pt, 56.9055pt)
* v-part:(T,H,B)=(71.13188pt, 702.78308pt, 71.13188pt)
* \paperwidth=597.50787pt
* \paperheight=845.04684pt
* \textwidth=483.69687pt
* \textheight=702.78308pt
* \oddsidemargin=-15.36449pt
* \evensidemargin=-15.36449pt
* \topmargin=-38.1381pt
* \headheight=12.0pt
* \headsep=25.0pt
* \topskip=11.0pt
* \footskip=30.0pt
* \marginparwidth=4.0pt
* \marginparsep=10.0pt
* \columnsep=17.07164pt
* \skip\footins=10.0pt plus 4.0pt minus 2.0pt
* \hoffset=0.0pt
* \voffset=0.0pt
* \mag=1000
* \@twocolumntrue
* \@twosidefalse
* \@mparswitchfalse
* \@reversemarginfalse
* (1in=72.27pt=25.4mm, 1cm=28.453pt)


(/home/abolfazl/Documents/Programs/Texlive/2025/texmf-dist/tex/latex/graphics/c
olor.sty
Package: color 2024/06/23 v1.3e Standard LaTeX Color (DPC)

(/home/abolfazl/Documents/Programs/Texlive/2025/texmf-dist/tex/latex/graphics-c
fg/color.cfg
File: color.cfg 2016/01/02 v1.6 sample color configuration
)
Package color Info: Driver file: xetex.def on input line 149.

(/home/abolfazl/Documents/Programs/Texlive/2025/texmf-dist/tex/latex/graphics/m
athcolor.ltx))
(/home/abolfazl/Documents/Programs/Texlive/2025/texmf-dist/tex/xelatex/bidi/col
or-xetex-bidi.def
File: color-xetex-bidi.def 2013/04/08 v0.2 bidi adaptations for color package f
or XeTeX engine
LaTeX Info: Redefining \color on input line 49.
)
Package hyperref Info: Link coloring ON on input line 31.
 (./myPaper.out) (./myPaper.out)
\@outlinefile=\write4
\openout4 = `myPaper.out'.

LaTeX Font Info:    Font shape `TU/IRMitra(0)/m/n' will be
(Font)              scaled to size 17.28pt on input line 33.
LaTeX Font Info:    Font shape `TU/IRMitraBold(0)/m/n' will be
(Font)              scaled to size 25.92pt on input line 33.
LaTeX Font Info:    Font shape `TU/IRMitra(0)/m/n' will be
(Font)              scaled to size 12.0pt on input line 33.
LaTeX Font Info:    Trying to load font information for U+msa on input line 33.


(/home/abolfazl/Documents/Programs/Texlive/2025/texmf-dist/tex/latex/amsfonts/u
msa.fd
File: umsa.fd 2013/01/14 v3.01 AMS symbols A
)
LaTeX Font Info:    Trying to load font information for U+msb on input line 33.


(/home/abolfazl/Documents/Programs/Texlive/2025/texmf-dist/tex/latex/amsfonts/u
msb.fd
File: umsb.fd 2013/01/14 v3.01 AMS symbols B
)

LaTeX Font Warning: Font shape `TU/IRMitra(0)/m/sc' undefined
(Font)              using `TU/IRMitra(0)/m/n' instead on input line 33.

LaTeX Font Info:    Font shape `TU/IRMitra(0)/m/sc' will be
(Font)              scaled to size 10.0pt on input line 33.
LaTeX Font Info:    Font shape `TU/IRMitra(0)/m/sc' will be
(Font)              scaled to size 7.0pt on input line 33.
LaTeX Font Info:    Font shape `TU/IRMitra(0)/m/n' will be
(Font)              scaled to size 7.0pt on input line 33.
LaTeX Font Info:    Font shape `TU/IRMitra(0)/m/n' will be
(Font)              scaled to size 10.0pt on input line 33.
LaTeX Font Info:    Font shape `TU/IRMitra(0)/b/n' will be
(Font)              scaled to size 10.0pt on input line 33.
LaTeX Font Info:    Font shape `TU/IRMitra(0)/b/n' will be
(Font)              scaled to size 14.4pt on input line 33.
LaTeX Font Info:    Font shape `TU/TimesNewRoman(0)/b/n' will be
(Font)              scaled to size 8.80005pt on input line 34.
CUTED [- LAST -]
Extra skip:0.0pt
Left:0.0pt/0.0pt
Right:0.0pt/0.0pt
Split: 0.0pt
Output:0.0pt
Pageshrink: 0.0pt
Pagestretch: 0.0pt
@colht:490.80815pt
CUTED [output]: 0.0pt
CUTED [leftcolumn badness]: 0
CUTED [rightcolumn badness]: 0
LaTeX Font Info:    Font shape `TU/IRMitra(0)/b/n' will be
(Font)              scaled to size 10.95pt on input line 36.
CUTED [- LAST -]
Extra skip:0.0pt
Left:0.0pt/0.0pt
Right:0.0pt/0.0pt
Split: 0.0pt
Output:0.0pt
Pageshrink: 0.0pt
Pagestretch: 0.0pt
@colht:354.4073pt
CUTED [output]: 0.0pt
CUTED [leftcolumn badness]: 0
CUTED [rightcolumn badness]: 0
LaTeX Font Info:    Font shape `TU/IRMitra(0)/m/n' will be
(Font)              scaled to size 14.4pt on input line 40.
LaTeX Font Info:    Font shape `TU/TimesNewRoman(0)/m/n' will be
(Font)              scaled to size 9.63605pt on input line 41.

LaTeX Font Warning: Font shape `OT1/cmr/m/n' in size <5.5> not available
(Font)              size <5> substituted on input line 41.


LaTeX Font Warning: Font shape `OML/cmm/m/it' in size <5.5> not available
(Font)              size <5> substituted on input line 41.


LaTeX Font Warning: Font shape `OMS/cmsy/m/n' in size <5.5> not available
(Font)              size <5> substituted on input line 41.

LaTeX Font Info:    Font shape `TU/TimesNewRoman(0)/m/n' will be
(Font)              scaled to size 6.42403pt on input line 41.




[1


]
LaTeX Font Info:    Font shape `TU/IRMitra(0)/b/n' will be
(Font)              scaled to size 12.0pt on input line 75.




[2]
Package hyperref Info: bookmark level for unknown algorithm defaults to 0 on in
put line 131.
LaTeX Font Info:    Font shape `TU/TimesNewRoman(0)/b/n' will be
(Font)              scaled to size 9.63605pt on input line 134.


LaTeX Font Warning: Font shape `OT1/cmr/bx/n' in size <5.5> not available
(Font)              size <5> substituted on input line 137.

LaTeX Font Info:    Font shape `TU/TimesNewRoman(0)/m/n' will be
(Font)              scaled to size 7.92004pt on input line 140.
File: Images/flowchar.pdf Graphic file (type pdf)
<use Images/flowchar.pdf>


File: Images/sumXYPlot.pdf Graphic file (type pdf)
<use Images/sumXYPlot.pdf>
File: ./Images/famk.pdf Graphic file (type pdf)
<use ./Images/famk.pdf>
File: ./Images/saml.pdf Graphic file (type pdf)
<use ./Images/saml.pdf>
File: ./Images/EntropyVersus.pdf Graphic file (type pdf)
<use ./Images/EntropyVersus.pdf>


[3]
Underfull \vbox (badness 10000) has occurred while \output is active []





[4]
LaTeX Font Info:    Font shape `TU/IRMitra(0)/m/n' will be
(Font)              scaled to size 7.3pt on input line 245.
\openout3 = `myPaper.ent'.


Underfull \hbox (badness 1057) in paragraph at lines 245--246
[]\TU/IRMitra(0)/m/n/10.95 تردید كلمه «پردازش» زیباتر از «پروسس» است، و یا كلمه
 «ریزپردازنده» از[]
 []





[5]
LaTeX Font Info:    Font shape `TU/TimesNewRoman(0)/b/n' will be
(Font)              scaled to size 12.67206pt on input line 310.
LaTeX Font Info:    Font shape `TU/IRMitra(0)/m/it' will be
(Font)              scaled to size 10.95pt on input line 346.


Missing character: There is no ‎ ("200E) in font cmr9!


[6]
LaTeX Font Info:    Font shape `TU/IRMitra(0)/b/it' will be
(Font)              scaled to size 10.95pt on input line 407.



Package fontspec Info: 
(fontspec)             IRMitra scale = .9.


Package fontspec Info: 
(fontspec)             IRMitra scale = .9.


Package fontspec Info: 
(fontspec)             IRMitra/B scale = .9.


Package fontspec Info: 
(fontspec)             IRMitra/I scale = .9.


Package fontspec Info: 
(fontspec)             IRMitra/BI scale = .9.


Package fontspec Info: 
(fontspec)             Font family 'IRMitra(1)' created for font 'IRMitra'
(fontspec)             with options
(fontspec)             [RawFeature={script=arab},Ligatures=PersianTeX,Scale=.9]
.
(fontspec)              
(fontspec)              This font family consists of the following NFSS
(fontspec)             series/shapes:
(fontspec)              
(fontspec)             - 'normal' (m/n) with NFSS spec.:
(fontspec)             <->s*[.9]"IRMitra/OT:language=dflt;script=arab;mapping=p
ersian-tex-text;"
(fontspec)             - 'bold' (b/n) with NFSS spec.:
(fontspec)             <->s*[.9]"IRMitra/B/OT:language=dflt;script=arab;mapping
=persian-tex-text;"
(fontspec)             - 'italic' (m/it) with NFSS spec.:
(fontspec)             <->s*[.9]"IRMitra/I/OT:language=dflt;script=arab;mapping
=persian-tex-text;"
(fontspec)             - 'bold italic' (b/it) with NFSS spec.:
(fontspec)             <->s*[.9]"IRMitra/BI/OT:language=dflt;script=arab;mappin
g=persian-tex-text;"

LaTeX Info: Redefining \persianfont on input line 438.
LaTeX Font Info:    Font shape `TU/IRMitra(1)/m/n' will be
(Font)              scaled to size 9.85492pt on input line 438.

Package fontspec Info: 
(fontspec)             Times New Roman scale = .8.


Package fontspec Info: 
(fontspec)             Times New Roman scale = .8.


Package fontspec Info: 
(fontspec)             Times New Roman/B scale = .8.


Package fontspec Info: 
(fontspec)             Times New Roman/I scale = .8.


Package fontspec Info: 
(fontspec)             Times New Roman/BI scale = .8.


Package fontspec Info: 
(fontspec)             Font family 'TimesNewRoman(1)' created for font 'Times
(fontspec)             New Roman' with options [Ligatures=TeX,Scale=.8].
(fontspec)              
(fontspec)              This font family consists of the following NFSS
(fontspec)             series/shapes:
(fontspec)              
(fontspec)             - 'normal' (m/n) with NFSS spec.: <->s*[.8]"Times New
(fontspec)             Roman/OT:script=latn;language=dflt;mapping=tex-text;"
(fontspec)             - 'bold' (b/n) with NFSS spec.: <->s*[.8]"Times New
(fontspec)             Roman/B/OT:script=latn;language=dflt;mapping=tex-text;"
(fontspec)             - 'italic' (m/it) with NFSS spec.: <->s*[.8]"Times New
(fontspec)             Roman/I/OT:script=latn;language=dflt;mapping=tex-text;"
(fontspec)             - 'bold italic' (b/it) with NFSS spec.: <->s*[.8]"Times
(fontspec)             New
(fontspec)             Roman/BI/OT:script=latn;language=dflt;mapping=tex-text;"


LaTeX Info: Redefining \latinfont on input line 438.
(./myPaper.bbl (./myPaper.brf)
\tf@brf=\write5
\openout5 = `myPaper.brf'.

LaTeX Font Info:    Font shape `TU/IRMitra(1)/m/n' will be
(Font)              scaled to size 12.9599pt on input line 4.
LaTeX Font Info:    Font shape `TU/IRMitra(1)/b/n' will be
(Font)              scaled to size 12.9599pt on input line 4.
LaTeX Font Info:    Font shape `TU/TimesNewRoman(1)/m/n' will be
(Font)              scaled to size 8.76003pt on input line 7.
LaTeX Font Info:    Font shape `TU/TimesNewRoman(1)/m/it' will be
(Font)              scaled to size 8.76003pt on input line 12.


Package hyperref Warning: Suppressing empty link on input line 12.


Package hyperref Warning: Suppressing empty link on input line 21.


Package hyperref Warning: Suppressing empty link on input line 31.

LaTeX Font Info:    Font shape `TU/IRMitra(1)/m/it' will be
(Font)              scaled to size 9.85492pt on input line 41.

Package hyperref Warning: Suppressing empty link on input line 41.


Package hyperref Warning: Suppressing empty link on input line 48.


Package hyperref Warning: Suppressing empty link on input line 57.


Underfull \hbox (badness 1742) in paragraph at lines 57--57
[]\TU/TimesNewRoman(1)/m/it/10.95 Transactions on Communications\TU/TimesNewRom
an(1)/m/n/10.95 , vol.43, no.2, pp.1566–[]
 []

)

Package fontspec Info: 
(fontspec)             IRMitra scale = 1.

LaTeX Info: Redefining \persianfont on input line 438.

Package fontspec Info: 
(fontspec)             Times New Roman scale = .88.

LaTeX Info: Redefining \latinfont on input line 439.
LaTeX Font Info:    Font shape `TU/IRMitra(0)/m/n' will be
(Font)              scaled to size 9.0pt on input line 440.
 (./myPaper.ent
LaTeX Font Info:    Font shape `TU/IRMitra(0)/m/n' will be
(Font)              scaled to size 6.0pt on input line 2.
)
\openout3 = `myPaper.ent'.



[7] (./myPaper.aux)
 ***********
LaTeX2e <2024-11-01> patch level 2
L3 programming layer <2025-04-29>
 ***********


LaTeX Font Warning: Size substitutions with differences
(Font)              up to 0.5pt have occurred.


LaTeX Font Warning: Some font shapes were not available, defaults substituted.

Package rerunfilecheck Info: File `myPaper.out' has not changed.
(rerunfilecheck)             Checksum: 6B64B8A17037B1318D74BD3D8CE91189;4612.
Package rerunfilecheck Info: File `myPaper.brf' has not changed.
(rerunfilecheck)             Checksum: F8DE4016C5754F62ED82F084387AB3DC;320.
 ) 
Here is how much of TeX's memory you used:
 17731 strings out of 470231
 374482 string characters out of 5473444
 788395 words of memory out of 5000000
 44023 multiletter control sequences out of 15000+600000
 640869 words of font info for 153 fonts, out of 8000000 for 9000
 1348 hyphenation exceptions out of 8191
 103i,14n,107p,1185b,759s stack positions out of 10000i,1000n,20000p,200000b,200000s

Output written on myPaper.pdf (7 pages).
