This is XeTeX, Version 3.141592653-2.6-0.999996 (TeX Live 2024) (preloaded format=xelatex 2025.1.7)  7 JAN 2025 22:02
entering extended mode
 restricted \write18 enabled.
 %&-line parsing enabled.
**FinalExam.tex
(./FinalExam.tex
LaTeX2e <2024-11-01> patch level 1
L3 programming layer <2024-12-25>

(/home/abolfazl/Documents/Programs/Texlive/2024/texmf-dist/tex/latex/base/artic
le.cls
Document Class: article 2024/06/29 v1.4n Standard LaTeX document class

(/home/abolfazl/Documents/Programs/Texlive/2024/texmf-dist/tex/latex/base/size1
0.clo
File: size10.clo 2024/06/29 v1.4n Standard LaTeX file (size option)
)
\c@part=\count192
\c@section=\count193
\c@subsection=\count194
\c@subsubsection=\count195
\c@paragraph=\count196
\c@subparagraph=\count197
\c@figure=\count198
\c@table=\count199
\abovecaptionskip=\skip49
\belowcaptionskip=\skip50
\bibindent=\dimen141
) (../..//tex/Boostan-Gozineh.tex
(/home/abolfazl/Documents/Programs/Texlive/2024/texmf-dist/tex/generic/catchfil
e/catchfile.sty
Package: catchfile 2019/12/09 v1.8 Catch the contents of a file (HO)

(/home/abolfazl/Documents/Programs/Texlive/2024/texmf-dist/tex/generic/infwarer
r/infwarerr.sty
Package: infwarerr 2019/12/03 v1.5 Providing info/warning/error messages (HO)
)
(/home/abolfazl/Documents/Programs/Texlive/2024/texmf-dist/tex/generic/ltxcmds/
ltxcmds.sty
Package: ltxcmds 2023-12-04 v1.26 LaTeX kernel commands for general use (HO)
)
(/home/abolfazl/Documents/Programs/Texlive/2024/texmf-dist/tex/generic/etexcmds
/etexcmds.sty
Package: etexcmds 2019/12/15 v1.7 Avoid name clashes with e-TeX commands (HO)

(/home/abolfazl/Documents/Programs/Texlive/2024/texmf-dist/tex/generic/iftex/if
tex.sty
Package: iftex 2024/12/12 v1.0g TeX engine tests
)))
(/home/abolfazl/Documents/Programs/Texlive/2024/texmf-dist/tex/latex/environ/en
viron.sty
Package: environ 2014/05/04 v0.3 A new way to define environments

(/home/abolfazl/Documents/Programs/Texlive/2024/texmf-dist/tex/latex/trimspaces
/trimspaces.sty
Package: trimspaces 2009/09/17 v1.1 Trim spaces around a token list
)
\@envbody=\toks17
)
(/home/abolfazl/Documents/Programs/Texlive/2024/texmf-dist/tex/latex/tools/mult
icol.sty
Package: multicol 2024/09/14 v1.9i multicolumn formatting (FMi)
\c@tracingmulticols=\count266
\mult@box=\box52
\multicol@leftmargin=\dimen142
\c@unbalance=\count267
\c@collectmore=\count268
\doublecol@number=\count269
\multicoltolerance=\count270
\multicolpretolerance=\count271
\full@width=\dimen143
\page@free=\dimen144
\premulticols=\dimen145
\postmulticols=\dimen146
\multicolsep=\skip51
\multicolbaselineskip=\skip52
\partial@page=\box53
\last@line=\box54
\mc@boxedresult=\box55
\maxbalancingoverflow=\dimen147
\mult@rightbox=\box56
\mult@grightbox=\box57
\mult@firstbox=\box58
\mult@gfirstbox=\box59
\@tempa=\box60
\@tempa=\box61
\@tempa=\box62
\@tempa=\box63
\@tempa=\box64
\@tempa=\box65
\@tempa=\box66
\@tempa=\box67
\@tempa=\box68
\@tempa=\box69
\@tempa=\box70
\@tempa=\box71
\@tempa=\box72
\@tempa=\box73
\@tempa=\box74
\@tempa=\box75
\@tempa=\box76
\@tempa=\box77
\@tempa=\box78
\@tempa=\box79
\@tempa=\box80
\@tempa=\box81
\@tempa=\box82
\@tempa=\box83
\@tempa=\box84
\@tempa=\box85
\@tempa=\box86
\@tempa=\box87
\@tempa=\box88
\@tempa=\box89
\@tempa=\box90
\@tempa=\box91
\@tempa=\box92
\@tempa=\box93
\@tempa=\box94
\@tempa=\box95
\c@minrows=\count272
\c@columnbadness=\count273
\c@finalcolumnbadness=\count274
\last@try=\dimen148
\multicolovershoot=\dimen149
\multicolundershoot=\dimen150
\mult@nat@firstbox=\box96
\colbreak@box=\box97
\mc@col@check@num=\count275
) (../..//tex/Boostan-Letter.tex (../..//tex/src/Boostan-Init.tex)
(../..//tex/src/Boostan-Main.tex (../..//tex/src/Boostan-LoadBasicPackage.tex
(/home/abolfazl/Documents/Programs/Texlive/2024/texmf-dist/tex/latex/amscls/ams
thm.sty
Package: amsthm 2020/05/29 v2.20.6
\thm@style=\toks18
\thm@bodyfont=\toks19
\thm@headfont=\toks20
\thm@notefont=\toks21
\thm@headpunct=\toks22
\thm@preskip=\skip53
\thm@postskip=\skip54
\thm@headsep=\skip55
\dth@everypar=\toks23
)
(/home/abolfazl/Documents/Programs/Texlive/2024/texmf-dist/tex/latex/amsmath/am
smath.sty
Package: amsmath 2024/11/05 v2.17t AMS math features
\@mathmargin=\skip56

For additional information on amsmath, use the `?' option.

(/home/abolfazl/Documents/Programs/Texlive/2024/texmf-dist/tex/latex/amsmath/am
stext.sty
Package: amstext 2021/08/26 v2.01 AMS text

(/home/abolfazl/Documents/Programs/Texlive/2024/texmf-dist/tex/latex/amsmath/am
sgen.sty
File: amsgen.sty 1999/11/30 v2.0 generic functions
\@emptytoks=\toks24
\ex@=\dimen151
))
(/home/abolfazl/Documents/Programs/Texlive/2024/texmf-dist/tex/latex/amsmath/am
sbsy.sty
Package: amsbsy 1999/11/29 v1.2d Bold Symbols
\pmbraise@=\dimen152
)
(/home/abolfazl/Documents/Programs/Texlive/2024/texmf-dist/tex/latex/amsmath/am
sopn.sty
Package: amsopn 2022/04/08 v2.04 operator names
)
\inf@bad=\count276
LaTeX Info: Redefining \frac on input line 233.
\uproot@=\count277
\leftroot@=\count278
LaTeX Info: Redefining \overline on input line 398.
LaTeX Info: Redefining \colon on input line 409.
\classnum@=\count279
\DOTSCASE@=\count280
LaTeX Info: Redefining \ldots on input line 495.
LaTeX Info: Redefining \dots on input line 498.
LaTeX Info: Redefining \cdots on input line 619.
\Mathstrutbox@=\box98
\strutbox@=\box99
LaTeX Info: Redefining \big on input line 721.
LaTeX Info: Redefining \Big on input line 722.
LaTeX Info: Redefining \bigg on input line 723.
LaTeX Info: Redefining \Bigg on input line 724.
\big@size=\dimen153
LaTeX Font Info:    Redeclaring font encoding OML on input line 742.
LaTeX Font Info:    Redeclaring font encoding OMS on input line 743.
\macc@depth=\count281
LaTeX Info: Redefining \bmod on input line 904.
LaTeX Info: Redefining \pmod on input line 909.
LaTeX Info: Redefining \smash on input line 939.
LaTeX Info: Redefining \relbar on input line 969.
LaTeX Info: Redefining \Relbar on input line 970.
\c@MaxMatrixCols=\count282
\dotsspace@=\muskip17
\c@parentequation=\count283
\dspbrk@lvl=\count284
\tag@help=\toks25
\row@=\count285
\column@=\count286
\maxfields@=\count287
\andhelp@=\toks26
\eqnshift@=\dimen154
\alignsep@=\dimen155
\tagshift@=\dimen156
\tagwidth@=\dimen157
\totwidth@=\dimen158
\lineht@=\dimen159
\@envbody=\toks27
\multlinegap=\skip57
\multlinetaggap=\skip58
\mathdisplay@stack=\toks28
LaTeX Info: Redefining \[ on input line 2953.
LaTeX Info: Redefining \] on input line 2954.
)
(/home/abolfazl/Documents/Programs/Texlive/2024/texmf-dist/tex/latex/amsfonts/a
mssymb.sty
Package: amssymb 2013/01/14 v3.01 AMS font symbols

(/home/abolfazl/Documents/Programs/Texlive/2024/texmf-dist/tex/latex/amsfonts/a
msfonts.sty
Package: amsfonts 2013/01/14 v3.01 Basic AMSFonts support
\symAMSa=\mathgroup4
\symAMSb=\mathgroup5
LaTeX Font Info:    Redeclaring math symbol \hbar on input line 98.
LaTeX Font Info:    Overwriting math alphabet `\mathfrak' in version `bold'
(Font)                  U/euf/m/n --> U/euf/b/n on input line 106.
))
(/home/abolfazl/Documents/Programs/Texlive/2024/texmf-dist/tex/latex/wasysym/wa
sysym.sty
Package: wasysym 2020/01/19 v2.4 Wasy-2 symbol support package
\symwasy=\mathgroup6
LaTeX Font Info:    Overwriting symbol font `wasy' in version `bold'
(Font)                  U/wasy/m/n --> U/wasy/b/n on input line 93.
)
(/home/abolfazl/Documents/Programs/Texlive/2024/texmf-dist/tex/latex/graphics/r
otating.sty
Package: rotating 2016/08/11 v2.16d rotated objects in LaTeX

(/home/abolfazl/Documents/Programs/Texlive/2024/texmf-dist/tex/latex/graphics/g
raphicx.sty
Package: graphicx 2021/09/16 v1.2d Enhanced LaTeX Graphics (DPC,SPQR)

(/home/abolfazl/Documents/Programs/Texlive/2024/texmf-dist/tex/latex/graphics/k
eyval.sty
Package: keyval 2022/05/29 v1.15 key=value parser (DPC)
\KV@toks@=\toks29
)
(/home/abolfazl/Documents/Programs/Texlive/2024/texmf-dist/tex/latex/graphics/g
raphics.sty
Package: graphics 2024/08/06 v1.4g Standard LaTeX Graphics (DPC,SPQR)

(/home/abolfazl/Documents/Programs/Texlive/2024/texmf-dist/tex/latex/graphics/t
rig.sty
Package: trig 2023/12/02 v1.11 sin cos tan (DPC)
)
(/home/abolfazl/Documents/Programs/Texlive/2024/texmf-dist/tex/latex/graphics-c
fg/graphics.cfg
File: graphics.cfg 2016/06/04 v1.11 sample graphics configuration
)
Package graphics Info: Driver file: xetex.def on input line 106.

(/home/abolfazl/Documents/Programs/Texlive/2024/texmf-dist/tex/latex/graphics-d
ef/xetex.def
File: xetex.def 2022/09/22 v5.0n Graphics/color driver for xetex
))
\Gin@req@height=\dimen160
\Gin@req@width=\dimen161
)
(/home/abolfazl/Documents/Programs/Texlive/2024/texmf-dist/tex/latex/base/ifthe
n.sty
Package: ifthen 2024/03/16 v1.1e Standard LaTeX ifthen package (DPC)
)
\c@r@tfl@t=\count288
\rotFPtop=\skip59
\rotFPbot=\skip60
\rot@float@box=\box100
\rot@mess@toks=\toks30
)
(/home/abolfazl/Documents/Programs/Texlive/2024/texmf-dist/tex/latex/float/floa
t.sty
Package: float 2001/11/08 v1.3d Float enhancements (AL)
\c@float@type=\count289
\float@exts=\toks31
\float@box=\box101
\@float@everytoks=\toks32
\@floatcapt=\box102
)
(/home/abolfazl/Documents/Programs/Texlive/2024/texmf-dist/tex/latex/geometry/g
eometry.sty
Package: geometry 2020/01/02 v5.9 Page Geometry

(/home/abolfazl/Documents/Programs/Texlive/2024/texmf-dist/tex/generic/iftex/if
vtex.sty
Package: ifvtex 2019/10/25 v1.7 ifvtex legacy package. Use iftex instead.
)
\Gm@cnth=\count290
\Gm@cntv=\count291
\c@Gm@tempcnt=\count292
\Gm@bindingoffset=\dimen162
\Gm@wd@mp=\dimen163
\Gm@odd@mp=\dimen164
\Gm@even@mp=\dimen165
\Gm@layoutwidth=\dimen166
\Gm@layoutheight=\dimen167
\Gm@layouthoffset=\dimen168
\Gm@layoutvoffset=\dimen169
\Gm@dimlist=\toks33
)
(/home/abolfazl/Documents/Programs/Texlive/2024/texmf-dist/tex/latex/caption/su
bcaption.sty
Package: subcaption 2023/07/28 v1.6b Sub-captions (AR)

(/home/abolfazl/Documents/Programs/Texlive/2024/texmf-dist/tex/latex/caption/ca
ption.sty
Package: caption 2023/08/05 v3.6o Customizing captions (AR)

(/home/abolfazl/Documents/Programs/Texlive/2024/texmf-dist/tex/latex/caption/ca
ption3.sty
Package: caption3 2023/07/31 v2.4d caption3 kernel (AR)
\caption@tempdima=\dimen170
\captionmargin=\dimen171
\caption@leftmargin=\dimen172
\caption@rightmargin=\dimen173
\caption@width=\dimen174
\caption@indent=\dimen175
\caption@parindent=\dimen176
\caption@hangindent=\dimen177
Package caption Info: Standard document class detected.
)
\c@caption@flags=\count293
\c@continuedfloat=\count294
Package caption Info: float package is loaded.
Package caption Info: rotating package is loaded.
)
Package caption Info: New subtype `subfigure' on input line 238.
\c@subfigure=\count295
Package caption Info: New subtype `subtable' on input line 238.
\c@subtable=\count296
)
(/home/abolfazl/Documents/Programs/Texlive/2024/texmf-dist/tex/latex/xcolor/xco
lor.sty
Package: xcolor 2024/09/29 v3.02 LaTeX color extensions (UK)

(/home/abolfazl/Documents/Programs/Texlive/2024/texmf-dist/tex/latex/graphics-c
fg/color.cfg
File: color.cfg 2016/01/02 v1.6 sample color configuration
)
Package xcolor Info: Driver file: xetex.def on input line 274.

(/home/abolfazl/Documents/Programs/Texlive/2024/texmf-dist/tex/latex/graphics/m
athcolor.ltx)
Package xcolor Info: Model `cmy' substituted by `cmy0' on input line 1349.
Package xcolor Info: Model `RGB' extended on input line 1365.
Package xcolor Info: Model `HTML' substituted by `rgb' on input line 1367.
Package xcolor Info: Model `Hsb' substituted by `hsb' on input line 1368.
Package xcolor Info: Model `tHsb' substituted by `hsb' on input line 1369.
Package xcolor Info: Model `HSB' substituted by `hsb' on input line 1370.
Package xcolor Info: Model `Gray' substituted by `gray' on input line 1371.
Package xcolor Info: Model `wave' substituted by `hsb' on input line 1372.
)
(/home/abolfazl/Documents/Programs/Texlive/2024/texmf-dist/tex/latex/graphics/d
vipsnam.def
File: dvipsnam.def 2016/06/17 v3.0m Driver-dependent file (DPC,SPQR)
)
(/home/abolfazl/Documents/Programs/Texlive/2024/texmf-dist/tex/latex/eso-pic/es
o-pic.sty
Package: eso-pic 2023/05/03 v3.0c eso-pic (RN)
\ESO@tempdima=\dimen178
\ESO@tempdimb=\dimen179
)
(/home/abolfazl/Documents/Programs/Texlive/2024/texmf-dist/tex/latex/qrcode/qrc
ode.sty
Package: qrcode 2015/01/08 v1.51 QR code generation

(/home/abolfazl/Documents/Programs/Texlive/2024/texmf-dist/tex/latex/xkeyval/xk
eyval.sty
Package: xkeyval 2022/06/16 v2.9 package option processing (HA)

(/home/abolfazl/Documents/Programs/Texlive/2024/texmf-dist/tex/generic/xkeyval/
xkeyval.tex
(/home/abolfazl/Documents/Programs/Texlive/2024/texmf-dist/tex/generic/xkeyval/
xkvutils.tex
\XKV@toks=\toks34
\XKV@tempa@toks=\toks35
)
\XKV@depth=\count297
File: xkeyval.tex 2014/12/03 v2.7a key=value parser (HA)
))
\c@qr@i=\count298
\c@qr@j=\count299
\qr@a=\count300
\qr@b=\count301
\qr@c=\count302
\qr@for@depth=\count303
\qr@for@maxdepth=\count304
\qr@for@start=\count305
\qr@for@end=\count306
\qr@for@step=\count307
\qr@newforcount=\count308
\qr@newforcount=\count309
\qr@desiredheight=\skip61
\qr@modulesize=\skip62
\qr@minipagewidth=\skip63
\c@maski=\count310
\c@maskj=\count311
\c@totalones=\count312
\c@penaltyi=\count313
\c@penaltyii=\count314
\c@penaltyiii=\count315
\c@penaltyiv=\count316
\c@qr@hexchars=\count317
\qr@newforcount=\count318
\c@qr@divisionsremaining=\count319
)
(/home/abolfazl/Documents/Programs/Texlive/2024/texmf-dist/tex/latex/psnfss/pif
ont.sty
Package: pifont 2020/03/25 PSNFSS-v9.3 Pi font support (SPQR) 
LaTeX Font Info:    Trying to load font information for U+pzd on input line 63.


(/home/abolfazl/Documents/Programs/Texlive/2024/texmf-dist/tex/latex/psnfss/upz
d.fd
File: upzd.fd 2001/06/04 font definitions for U/pzd.
)
LaTeX Font Info:    Trying to load font information for U+psy on input line 64.


(/home/abolfazl/Documents/Programs/Texlive/2024/texmf-dist/tex/latex/psnfss/ups
y.fd
File: upsy.fd 2001/06/04 font definitions for U/psy.
))
(/home/abolfazl/Documents/Programs/Texlive/2024/texmf-dist/tex/latex/multirow/m
ultirow.sty
Package: multirow 2024/11/12 v2.9 Span multiple rows of a table
\multirow@colwidth=\skip64
\multirow@cntb=\count320
\multirow@dima=\skip65
\bigstrutjot=\dimen180
)
(/home/abolfazl/Documents/Programs/Texlive/2024/texmf-dist/tex/latex/booktabs/b
ooktabs.sty
Package: booktabs 2020/01/12 v1.61803398 Publication quality tables
\heavyrulewidth=\dimen181
\lightrulewidth=\dimen182
\cmidrulewidth=\dimen183
\belowrulesep=\dimen184
\belowbottomsep=\dimen185
\aboverulesep=\dimen186
\abovetopsep=\dimen187
\cmidrulesep=\dimen188
\cmidrulekern=\dimen189
\defaultaddspace=\dimen190
\@cmidla=\count321
\@cmidlb=\count322
\@aboverulesep=\dimen191
\@belowrulesep=\dimen192
\@thisruleclass=\count323
\@lastruleclass=\count324
\@thisrulewidth=\dimen193
)
(/home/abolfazl/Documents/Programs/Texlive/2024/texmf-dist/tex/latex/framed/fra
med.sty
Package: framed 2011/10/22 v 0.96: framed or shaded text with page breaks
\OuterFrameSep=\skip66
\fb@frw=\dimen194
\fb@frh=\dimen195
\FrameRule=\dimen196
\FrameSep=\dimen197
)
(/home/abolfazl/Documents/Programs/Texlive/2024/texmf-dist/tex/latex/pgf/fronte
ndlayer/tikz.sty
(/home/abolfazl/Documents/Programs/Texlive/2024/texmf-dist/tex/latex/pgf/basicl
ayer/pgf.sty
(/home/abolfazl/Documents/Programs/Texlive/2024/texmf-dist/tex/latex/pgf/utilit
ies/pgfrcs.sty
(/home/abolfazl/Documents/Programs/Texlive/2024/texmf-dist/tex/generic/pgf/util
ities/pgfutil-common.tex
\pgfutil@everybye=\toks36
\pgfutil@tempdima=\dimen198
\pgfutil@tempdimb=\dimen199
)
(/home/abolfazl/Documents/Programs/Texlive/2024/texmf-dist/tex/generic/pgf/util
ities/pgfutil-latex.def
\pgfutil@abb=\box103
)
(/home/abolfazl/Documents/Programs/Texlive/2024/texmf-dist/tex/generic/pgf/util
ities/pgfrcs.code.tex
(/home/abolfazl/Documents/Programs/Texlive/2024/texmf-dist/tex/generic/pgf/pgf.
revision.tex)
Package: pgfrcs 2023-01-15 v3.1.10 (3.1.10)
))
Package: pgf 2023-01-15 v3.1.10 (3.1.10)

(/home/abolfazl/Documents/Programs/Texlive/2024/texmf-dist/tex/latex/pgf/basicl
ayer/pgfcore.sty
(/home/abolfazl/Documents/Programs/Texlive/2024/texmf-dist/tex/latex/pgf/system
layer/pgfsys.sty
(/home/abolfazl/Documents/Programs/Texlive/2024/texmf-dist/tex/generic/pgf/syst
emlayer/pgfsys.code.tex
Package: pgfsys 2023-01-15 v3.1.10 (3.1.10)

(/home/abolfazl/Documents/Programs/Texlive/2024/texmf-dist/tex/generic/pgf/util
ities/pgfkeys.code.tex
\pgfkeys@pathtoks=\toks37
\pgfkeys@temptoks=\toks38

(/home/abolfazl/Documents/Programs/Texlive/2024/texmf-dist/tex/generic/pgf/util
ities/pgfkeyslibraryfiltered.code.tex
\pgfkeys@tmptoks=\toks39
))
\pgf@x=\dimen256
\pgf@y=\dimen257
\pgf@xa=\dimen258
\pgf@ya=\dimen259
\pgf@xb=\dimen260
\pgf@yb=\dimen261
\pgf@xc=\dimen262
\pgf@yc=\dimen263
\pgf@xd=\dimen264
\pgf@yd=\dimen265
\w@pgf@writea=\write3
\r@pgf@reada=\read2
\c@pgf@counta=\count325
\c@pgf@countb=\count326
\c@pgf@countc=\count327
\c@pgf@countd=\count328
\t@pgf@toka=\toks40
\t@pgf@tokb=\toks41
\t@pgf@tokc=\toks42
\pgf@sys@id@count=\count329

(/home/abolfazl/Documents/Programs/Texlive/2024/texmf-dist/tex/generic/pgf/syst
emlayer/pgf.cfg
File: pgf.cfg 2023-01-15 v3.1.10 (3.1.10)
)
Driver file for pgf: pgfsys-xetex.def

(/home/abolfazl/Documents/Programs/Texlive/2024/texmf-dist/tex/generic/pgf/syst
emlayer/pgfsys-xetex.def
File: pgfsys-xetex.def 2023-01-15 v3.1.10 (3.1.10)

(/home/abolfazl/Documents/Programs/Texlive/2024/texmf-dist/tex/generic/pgf/syst
emlayer/pgfsys-dvipdfmx.def
File: pgfsys-dvipdfmx.def 2023-01-15 v3.1.10 (3.1.10)

(/home/abolfazl/Documents/Programs/Texlive/2024/texmf-dist/tex/generic/pgf/syst
emlayer/pgfsys-common-pdf.def
File: pgfsys-common-pdf.def 2023-01-15 v3.1.10 (3.1.10)
)
\pgfsys@objnum=\count330
)))
(/home/abolfazl/Documents/Programs/Texlive/2024/texmf-dist/tex/generic/pgf/syst
emlayer/pgfsyssoftpath.code.tex
File: pgfsyssoftpath.code.tex 2023-01-15 v3.1.10 (3.1.10)
\pgfsyssoftpath@smallbuffer@items=\count331
\pgfsyssoftpath@bigbuffer@items=\count332
)
(/home/abolfazl/Documents/Programs/Texlive/2024/texmf-dist/tex/generic/pgf/syst
emlayer/pgfsysprotocol.code.tex
File: pgfsysprotocol.code.tex 2023-01-15 v3.1.10 (3.1.10)
))
(/home/abolfazl/Documents/Programs/Texlive/2024/texmf-dist/tex/generic/pgf/basi
clayer/pgfcore.code.tex
Package: pgfcore 2023-01-15 v3.1.10 (3.1.10)

(/home/abolfazl/Documents/Programs/Texlive/2024/texmf-dist/tex/generic/pgf/math
/pgfmath.code.tex
(/home/abolfazl/Documents/Programs/Texlive/2024/texmf-dist/tex/generic/pgf/math
/pgfmathutil.code.tex)
(/home/abolfazl/Documents/Programs/Texlive/2024/texmf-dist/tex/generic/pgf/math
/pgfmathparser.code.tex
\pgfmath@dimen=\dimen266
\pgfmath@count=\count333
\pgfmath@box=\box104
\pgfmath@toks=\toks43
\pgfmath@stack@operand=\toks44
\pgfmath@stack@operation=\toks45
)
(/home/abolfazl/Documents/Programs/Texlive/2024/texmf-dist/tex/generic/pgf/math
/pgfmathfunctions.code.tex)
(/home/abolfazl/Documents/Programs/Texlive/2024/texmf-dist/tex/generic/pgf/math
/pgfmathfunctions.basic.code.tex)
(/home/abolfazl/Documents/Programs/Texlive/2024/texmf-dist/tex/generic/pgf/math
/pgfmathfunctions.trigonometric.code.tex)
(/home/abolfazl/Documents/Programs/Texlive/2024/texmf-dist/tex/generic/pgf/math
/pgfmathfunctions.random.code.tex)
(/home/abolfazl/Documents/Programs/Texlive/2024/texmf-dist/tex/generic/pgf/math
/pgfmathfunctions.comparison.code.tex)
(/home/abolfazl/Documents/Programs/Texlive/2024/texmf-dist/tex/generic/pgf/math
/pgfmathfunctions.base.code.tex)
(/home/abolfazl/Documents/Programs/Texlive/2024/texmf-dist/tex/generic/pgf/math
/pgfmathfunctions.round.code.tex)
(/home/abolfazl/Documents/Programs/Texlive/2024/texmf-dist/tex/generic/pgf/math
/pgfmathfunctions.misc.code.tex)
(/home/abolfazl/Documents/Programs/Texlive/2024/texmf-dist/tex/generic/pgf/math
/pgfmathfunctions.integerarithmetics.code.tex)
(/home/abolfazl/Documents/Programs/Texlive/2024/texmf-dist/tex/generic/pgf/math
/pgfmathcalc.code.tex)
(/home/abolfazl/Documents/Programs/Texlive/2024/texmf-dist/tex/generic/pgf/math
/pgfmathfloat.code.tex
\c@pgfmathroundto@lastzeros=\count334
))
(/home/abolfazl/Documents/Programs/Texlive/2024/texmf-dist/tex/generic/pgf/math
/pgfint.code.tex)
(/home/abolfazl/Documents/Programs/Texlive/2024/texmf-dist/tex/generic/pgf/basi
clayer/pgfcorepoints.code.tex
File: pgfcorepoints.code.tex 2023-01-15 v3.1.10 (3.1.10)
\pgf@picminx=\dimen267
\pgf@picmaxx=\dimen268
\pgf@picminy=\dimen269
\pgf@picmaxy=\dimen270
\pgf@pathminx=\dimen271
\pgf@pathmaxx=\dimen272
\pgf@pathminy=\dimen273
\pgf@pathmaxy=\dimen274
\pgf@xx=\dimen275
\pgf@xy=\dimen276
\pgf@yx=\dimen277
\pgf@yy=\dimen278
\pgf@zx=\dimen279
\pgf@zy=\dimen280
)
(/home/abolfazl/Documents/Programs/Texlive/2024/texmf-dist/tex/generic/pgf/basi
clayer/pgfcorepathconstruct.code.tex
File: pgfcorepathconstruct.code.tex 2023-01-15 v3.1.10 (3.1.10)
\pgf@path@lastx=\dimen281
\pgf@path@lasty=\dimen282
)
(/home/abolfazl/Documents/Programs/Texlive/2024/texmf-dist/tex/generic/pgf/basi
clayer/pgfcorepathusage.code.tex
File: pgfcorepathusage.code.tex 2023-01-15 v3.1.10 (3.1.10)
\pgf@shorten@end@additional=\dimen283
\pgf@shorten@start@additional=\dimen284
)
(/home/abolfazl/Documents/Programs/Texlive/2024/texmf-dist/tex/generic/pgf/basi
clayer/pgfcorescopes.code.tex
File: pgfcorescopes.code.tex 2023-01-15 v3.1.10 (3.1.10)
\pgfpic=\box105
\pgf@hbox=\box106
\pgf@layerbox@main=\box107
\pgf@picture@serial@count=\count335
)
(/home/abolfazl/Documents/Programs/Texlive/2024/texmf-dist/tex/generic/pgf/basi
clayer/pgfcoregraphicstate.code.tex
File: pgfcoregraphicstate.code.tex 2023-01-15 v3.1.10 (3.1.10)
\pgflinewidth=\dimen285
)
(/home/abolfazl/Documents/Programs/Texlive/2024/texmf-dist/tex/generic/pgf/basi
clayer/pgfcoretransformations.code.tex
File: pgfcoretransformations.code.tex 2023-01-15 v3.1.10 (3.1.10)
\pgf@pt@x=\dimen286
\pgf@pt@y=\dimen287
\pgf@pt@temp=\dimen288
)
(/home/abolfazl/Documents/Programs/Texlive/2024/texmf-dist/tex/generic/pgf/basi
clayer/pgfcorequick.code.tex
File: pgfcorequick.code.tex 2023-01-15 v3.1.10 (3.1.10)
)
(/home/abolfazl/Documents/Programs/Texlive/2024/texmf-dist/tex/generic/pgf/basi
clayer/pgfcoreobjects.code.tex
File: pgfcoreobjects.code.tex 2023-01-15 v3.1.10 (3.1.10)
)
(/home/abolfazl/Documents/Programs/Texlive/2024/texmf-dist/tex/generic/pgf/basi
clayer/pgfcorepathprocessing.code.tex
File: pgfcorepathprocessing.code.tex 2023-01-15 v3.1.10 (3.1.10)
)
(/home/abolfazl/Documents/Programs/Texlive/2024/texmf-dist/tex/generic/pgf/basi
clayer/pgfcorearrows.code.tex
File: pgfcorearrows.code.tex 2023-01-15 v3.1.10 (3.1.10)
\pgfarrowsep=\dimen289
)
(/home/abolfazl/Documents/Programs/Texlive/2024/texmf-dist/tex/generic/pgf/basi
clayer/pgfcoreshade.code.tex
File: pgfcoreshade.code.tex 2023-01-15 v3.1.10 (3.1.10)
\pgf@max=\dimen290
\pgf@sys@shading@range@num=\count336
\pgf@shadingcount=\count337
)
(/home/abolfazl/Documents/Programs/Texlive/2024/texmf-dist/tex/generic/pgf/basi
clayer/pgfcoreimage.code.tex
File: pgfcoreimage.code.tex 2023-01-15 v3.1.10 (3.1.10)
)
(/home/abolfazl/Documents/Programs/Texlive/2024/texmf-dist/tex/generic/pgf/basi
clayer/pgfcoreexternal.code.tex
File: pgfcoreexternal.code.tex 2023-01-15 v3.1.10 (3.1.10)
\pgfexternal@startupbox=\box108
)
(/home/abolfazl/Documents/Programs/Texlive/2024/texmf-dist/tex/generic/pgf/basi
clayer/pgfcorelayers.code.tex
File: pgfcorelayers.code.tex 2023-01-15 v3.1.10 (3.1.10)
)
(/home/abolfazl/Documents/Programs/Texlive/2024/texmf-dist/tex/generic/pgf/basi
clayer/pgfcoretransparency.code.tex
File: pgfcoretransparency.code.tex 2023-01-15 v3.1.10 (3.1.10)
)
(/home/abolfazl/Documents/Programs/Texlive/2024/texmf-dist/tex/generic/pgf/basi
clayer/pgfcorepatterns.code.tex
File: pgfcorepatterns.code.tex 2023-01-15 v3.1.10 (3.1.10)
)
(/home/abolfazl/Documents/Programs/Texlive/2024/texmf-dist/tex/generic/pgf/basi
clayer/pgfcorerdf.code.tex
File: pgfcorerdf.code.tex 2023-01-15 v3.1.10 (3.1.10)
)))
(/home/abolfazl/Documents/Programs/Texlive/2024/texmf-dist/tex/generic/pgf/modu
les/pgfmoduleshapes.code.tex
File: pgfmoduleshapes.code.tex 2023-01-15 v3.1.10 (3.1.10)
\pgfnodeparttextbox=\box109
)
(/home/abolfazl/Documents/Programs/Texlive/2024/texmf-dist/tex/generic/pgf/modu
les/pgfmoduleplot.code.tex
File: pgfmoduleplot.code.tex 2023-01-15 v3.1.10 (3.1.10)
)
(/home/abolfazl/Documents/Programs/Texlive/2024/texmf-dist/tex/latex/pgf/compat
ibility/pgfcomp-version-0-65.sty
Package: pgfcomp-version-0-65 2023-01-15 v3.1.10 (3.1.10)
\pgf@nodesepstart=\dimen291
\pgf@nodesepend=\dimen292
)
(/home/abolfazl/Documents/Programs/Texlive/2024/texmf-dist/tex/latex/pgf/compat
ibility/pgfcomp-version-1-18.sty
Package: pgfcomp-version-1-18 2023-01-15 v3.1.10 (3.1.10)
))
(/home/abolfazl/Documents/Programs/Texlive/2024/texmf-dist/tex/latex/pgf/utilit
ies/pgffor.sty
(/home/abolfazl/Documents/Programs/Texlive/2024/texmf-dist/tex/latex/pgf/utilit
ies/pgfkeys.sty
(/home/abolfazl/Documents/Programs/Texlive/2024/texmf-dist/tex/generic/pgf/util
ities/pgfkeys.code.tex))
(/home/abolfazl/Documents/Programs/Texlive/2024/texmf-dist/tex/latex/pgf/math/p
gfmath.sty
(/home/abolfazl/Documents/Programs/Texlive/2024/texmf-dist/tex/generic/pgf/math
/pgfmath.code.tex))
(/home/abolfazl/Documents/Programs/Texlive/2024/texmf-dist/tex/generic/pgf/util
ities/pgffor.code.tex
Package: pgffor 2023-01-15 v3.1.10 (3.1.10)
\pgffor@iter=\dimen293
\pgffor@skip=\dimen294
\pgffor@stack=\toks46
\pgffor@toks=\toks47
))
(/home/abolfazl/Documents/Programs/Texlive/2024/texmf-dist/tex/generic/pgf/fron
tendlayer/tikz/tikz.code.tex
Package: tikz 2023-01-15 v3.1.10 (3.1.10)

(/home/abolfazl/Documents/Programs/Texlive/2024/texmf-dist/tex/generic/pgf/libr
aries/pgflibraryplothandlers.code.tex
File: pgflibraryplothandlers.code.tex 2023-01-15 v3.1.10 (3.1.10)
\pgf@plot@mark@count=\count338
\pgfplotmarksize=\dimen295
)
\tikz@lastx=\dimen296
\tikz@lasty=\dimen297
\tikz@lastxsaved=\dimen298
\tikz@lastysaved=\dimen299
\tikz@lastmovetox=\dimen300
\tikz@lastmovetoy=\dimen301
\tikzleveldistance=\dimen302
\tikzsiblingdistance=\dimen303
\tikz@figbox=\box110
\tikz@figbox@bg=\box111
\tikz@tempbox=\box112
\tikz@tempbox@bg=\box113
\tikztreelevel=\count339
\tikznumberofchildren=\count340
\tikznumberofcurrentchild=\count341
\tikz@fig@count=\count342

(/home/abolfazl/Documents/Programs/Texlive/2024/texmf-dist/tex/generic/pgf/modu
les/pgfmodulematrix.code.tex
File: pgfmodulematrix.code.tex 2023-01-15 v3.1.10 (3.1.10)
\pgfmatrixcurrentrow=\count343
\pgfmatrixcurrentcolumn=\count344
\pgf@matrix@numberofcolumns=\count345
)
\tikz@expandcount=\count346

(/home/abolfazl/Documents/Programs/Texlive/2024/texmf-dist/tex/generic/pgf/fron
tendlayer/tikz/libraries/tikzlibrarytopaths.code.tex
File: tikzlibrarytopaths.code.tex 2023-01-15 v3.1.10 (3.1.10)
)))
(/home/abolfazl/Documents/Programs/Texlive/2024/texmf-dist/tex/generic/pgf/fron
tendlayer/tikz/libraries/tikzlibrarycalc.code.tex
File: tikzlibrarycalc.code.tex 2023-01-15 v3.1.10 (3.1.10)
)
(/home/abolfazl/Documents/Programs/Texlive/2024/texmf-dist/tex/latex/mdframed/m
dframed.sty
Package: mdframed 2013/07/01 1.9b: mdframed

(/home/abolfazl/Documents/Programs/Texlive/2024/texmf-dist/tex/latex/kvoptions/
kvoptions.sty
Package: kvoptions 2022-06-15 v3.15 Key value format for package options (HO)

(/home/abolfazl/Documents/Programs/Texlive/2024/texmf-dist/tex/latex/kvsetkeys/
kvsetkeys.sty
Package: kvsetkeys 2022-10-05 v1.19 Key value parser (HO)
))
(/home/abolfazl/Documents/Programs/Texlive/2024/texmf-dist/tex/latex/l3packages
/xparse/xparse.sty
(/home/abolfazl/Documents/Programs/Texlive/2024/texmf-dist/tex/latex/l3kernel/e
xpl3.sty
Package: expl3 2024-12-25 L3 programming layer (loader) 

(/home/abolfazl/Documents/Programs/Texlive/2024/texmf-dist/tex/latex/l3backend/
l3backend-xetex.def
File: l3backend-xetex.def 2024-05-08 L3 backend support: XeTeX
\g__graphics_track_int=\count347
\l__pdf_internal_box=\box114
\g__pdf_backend_annotation_int=\count348
\g__pdf_backend_link_int=\count349
))
Package: xparse 2024-08-16 L3 Experimental document command parser
)
(/home/abolfazl/Documents/Programs/Texlive/2024/texmf-dist/tex/latex/etoolbox/e
toolbox.sty
Package: etoolbox 2020/10/05 v2.5k e-TeX tools for LaTeX (JAW)
\etb@tempcnta=\count350
)
(/home/abolfazl/Documents/Programs/Texlive/2024/texmf-dist/tex/latex/zref/zref-
abspage.sty
Package: zref-abspage 2023-09-14 v2.35 Module abspage for zref (HO)

(/home/abolfazl/Documents/Programs/Texlive/2024/texmf-dist/tex/latex/zref/zref-
base.sty
Package: zref-base 2023-09-14 v2.35 Module base for zref (HO)

(/home/abolfazl/Documents/Programs/Texlive/2024/texmf-dist/tex/generic/kvdefine
keys/kvdefinekeys.sty
Package: kvdefinekeys 2019-12-19 v1.6 Define keys (HO)
)
(/home/abolfazl/Documents/Programs/Texlive/2024/texmf-dist/tex/generic/pdftexcm
ds/pdftexcmds.sty
Package: pdftexcmds 2020-06-27 v0.33 Utility functions of pdfTeX for LuaTeX (HO
)
Package pdftexcmds Info: \pdf@primitive is available.
Package pdftexcmds Info: \pdf@ifprimitive is available.
Package pdftexcmds Info: \pdfdraftmode not found.
)
(/home/abolfazl/Documents/Programs/Texlive/2024/texmf-dist/tex/latex/auxhook/au
xhook.sty
Package: auxhook 2019-12-17 v1.6 Hooks for auxiliary files (HO)
)
Package zref Info: New property list: main on input line 767.
Package zref Info: New property: default on input line 768.
Package zref Info: New property: page on input line 769.
)
\c@abspage=\count351
Package zref Info: New property: abspage on input line 67.
)
(/home/abolfazl/Documents/Programs/Texlive/2024/texmf-dist/tex/latex/needspace/
needspace.sty
Package: needspace 2010/09/12 v1.3d reserve vertical space
)
\mdf@templength=\skip67
\c@mdf@globalstyle@cnt=\count352
\mdf@skipabove@length=\skip68
\mdf@skipbelow@length=\skip69
\mdf@leftmargin@length=\skip70
\mdf@rightmargin@length=\skip71
\mdf@innerleftmargin@length=\skip72
\mdf@innerrightmargin@length=\skip73
\mdf@innertopmargin@length=\skip74
\mdf@innerbottommargin@length=\skip75
\mdf@splittopskip@length=\skip76
\mdf@splitbottomskip@length=\skip77
\mdf@outermargin@length=\skip78
\mdf@innermargin@length=\skip79
\mdf@linewidth@length=\skip80
\mdf@innerlinewidth@length=\skip81
\mdf@middlelinewidth@length=\skip82
\mdf@outerlinewidth@length=\skip83
\mdf@roundcorner@length=\skip84
\mdf@footenotedistance@length=\skip85
\mdf@userdefinedwidth@length=\skip86
\mdf@needspace@length=\skip87
\mdf@frametitleaboveskip@length=\skip88
\mdf@frametitlebelowskip@length=\skip89
\mdf@frametitlerulewidth@length=\skip90
\mdf@frametitleleftmargin@length=\skip91
\mdf@frametitlerightmargin@length=\skip92
\mdf@shadowsize@length=\skip93
\mdf@extratopheight@length=\skip94
\mdf@subtitleabovelinewidth@length=\skip95
\mdf@subtitlebelowlinewidth@length=\skip96
\mdf@subtitleaboveskip@length=\skip97
\mdf@subtitlebelowskip@length=\skip98
\mdf@subtitleinneraboveskip@length=\skip99
\mdf@subtitleinnerbelowskip@length=\skip100
\mdf@subsubtitleabovelinewidth@length=\skip101
\mdf@subsubtitlebelowlinewidth@length=\skip102
\mdf@subsubtitleaboveskip@length=\skip103
\mdf@subsubtitlebelowskip@length=\skip104
\mdf@subsubtitleinneraboveskip@length=\skip105
\mdf@subsubtitleinnerbelowskip@length=\skip106

(/home/abolfazl/Documents/Programs/Texlive/2024/texmf-dist/tex/latex/mdframed/m
d-frame-1.mdf
File: md-frame-1.mdf 2013/07/01\ 1.9b: md-frame-1
)
\mdf@frametitlebox=\box115
\mdf@footnotebox=\box116
\mdf@splitbox@one=\box117
\mdf@splitbox@two=\box118
\mdf@splitbox@save=\box119
\mdfsplitboxwidth=\skip107
\mdfsplitboxtotalwidth=\skip108
\mdfsplitboxheight=\skip109
\mdfsplitboxdepth=\skip110
\mdfsplitboxtotalheight=\skip111
\mdfframetitleboxwidth=\skip112
\mdfframetitleboxtotalwidth=\skip113
\mdfframetitleboxheight=\skip114
\mdfframetitleboxdepth=\skip115
\mdfframetitleboxtotalheight=\skip116
\mdffootnoteboxwidth=\skip117
\mdffootnoteboxtotalwidth=\skip118
\mdffootnoteboxheight=\skip119
\mdffootnoteboxdepth=\skip120
\mdffootnoteboxtotalheight=\skip121
\mdftotallinewidth=\skip122
\mdfboundingboxwidth=\skip123
\mdfboundingboxtotalwidth=\skip124
\mdfboundingboxheight=\skip125
\mdfboundingboxdepth=\skip126
\mdfboundingboxtotalheight=\skip127
\mdf@freevspace@length=\skip128
\mdf@horizontalwidthofbox@length=\skip129
\mdf@verticalmarginwhole@length=\skip130
\mdf@horizontalspaceofbox=\skip131
\mdfsubtitleheight=\skip132
\mdfsubsubtitleheight=\skip133
\c@mdfcountframes=\count353

****** mdframed patching \endmdf@trivlist

****** -- success******

\mdf@envdepth=\count354
\c@mdf@env@i=\count355
\c@mdf@env@ii=\count356
\c@mdf@zref@counter=\count357
Package zref Info: New property: mdf@pagevalue on input line 895.
)
(/home/abolfazl/Documents/Programs/Texlive/2024/texmf-dist/tex/latex/titlesec/t
itlesec.sty
Package: titlesec 2025/01/04 v2.17 Sectioning titles
\ttl@box=\box120
\beforetitleunit=\skip134
\aftertitleunit=\skip135
\ttl@plus=\dimen304
\ttl@minus=\dimen305
\ttl@toksa=\toks48
\titlewidth=\dimen306
\titlewidthlast=\dimen307
\titlewidthfirst=\dimen308
)
(/home/abolfazl/Documents/Programs/Texlive/2024/texmf-dist/tex/latex/setspace/s
etspace.sty
Package: setspace 2022/12/04 v6.7b set line spacing
)
(/home/abolfazl/Documents/Programs/Texlive/2024/texmf-dist/tex/latex/pdfpages/p
dfpages.sty
Package: pdfpages 2024/10/28 v0.6c Insert pages of external PDF documents (AM)

(/home/abolfazl/Documents/Programs/Texlive/2024/texmf-dist/tex/latex/tools/calc
.sty
Package: calc 2023/07/08 v4.3 Infix arithmetic (KKT,FJ)
\calc@Acount=\count358
\calc@Bcount=\count359
\calc@Adimen=\dimen309
\calc@Bdimen=\dimen310
\calc@Askip=\skip136
\calc@Bskip=\skip137
LaTeX Info: Redefining \setlength on input line 80.
LaTeX Info: Redefining \addtolength on input line 81.
\calc@Ccount=\count360
\calc@Cskip=\skip138
)
\AM@pagewidth=\dimen311
\AM@pageheight=\dimen312
\AM@fboxrule=\dimen313

(/home/abolfazl/Documents/Programs/Texlive/2024/texmf-dist/tex/latex/pdfpages/p
pxetex.def
File: ppxetex.def 2024/10/28 v0.6c Pdfpages driver for XeTeX (AM)
)
\pdfpages@includegraphics@status=\count361
\AM@pagebox=\box121
\AM@global@opts=\toks49
\AM@pagecnt=\count362
\AM@toc@title=\toks50
\AM@lof@heading=\toks51
\c@AM@survey=\count363
\AM@templatesizebox=\box122
)
(/home/abolfazl/Documents/Programs/Texlive/2024/texmf-dist/tex/latex/colortbl/c
olortbl.sty
Package: colortbl 2024/07/06 v1.0i Color table columns (DPC)

(/home/abolfazl/Documents/Programs/Texlive/2024/texmf-dist/tex/latex/tools/arra
y.sty
Package: array 2024/10/17 v2.6g Tabular extension package (FMi)
\col@sep=\dimen314
\ar@mcellbox=\box123
\extrarowheight=\dimen315
\NC@list=\toks52
\extratabsurround=\skip139
\backup@length=\skip140
\ar@cellbox=\box124
)
\everycr=\toks53
\minrowclearance=\skip141
\rownum=\count364
)
(/home/abolfazl/Documents/Programs/Texlive/2024/texmf-dist/tex/latex/wrapfig/wr
apfig.sty
\wrapoverhang=\dimen316
\WF@size=\dimen317
\c@WF@wrappedlines=\count365
\WF@box=\box125
\WF@everypar=\toks54
Package: wrapfig 2003/01/31  v 3.6
)
(/home/abolfazl/Documents/Programs/Texlive/2024/texmf-dist/tex/latex/lobster2/L
obsterTwo.sty
Package: LobsterTwo 2022/09/19 (Bob Tennent) Supports Lobster Two fonts for all
 LaTeX engines. 

(/home/abolfazl/Documents/Programs/Texlive/2024/texmf-dist/tex/generic/iftex/if
xetex.sty
Package: ifxetex 2019/10/25 v0.7 ifxetex legacy package. Use iftex instead.
)
(/home/abolfazl/Documents/Programs/Texlive/2024/texmf-dist/tex/generic/iftex/if
luatex.sty
Package: ifluatex 2019/10/25 v1.5 ifluatex legacy package. Use iftex instead.
)
(/home/abolfazl/Documents/Programs/Texlive/2024/texmf-dist/tex/latex/base/textc
omp.sty
Package: textcomp 2024/04/24 v2.1b Standard LaTeX package
)
(/home/abolfazl/Documents/Programs/Texlive/2024/texmf-dist/tex/latex/fontspec/f
ontspec.sty
Package: fontspec 2024/05/11 v2.9e Font selection for XeLaTeX and LuaLaTeX

(/home/abolfazl/Documents/Programs/Texlive/2024/texmf-dist/tex/latex/fontspec/f
ontspec-xetex.sty
Package: fontspec-xetex 2024/05/11 v2.9e Font selection for XeLaTeX and LuaLaTe
X
\l__fontspec_script_int=\count366
\l__fontspec_language_int=\count367
\l__fontspec_strnum_int=\count368
\l__fontspec_tmp_int=\count369
\l__fontspec_tmpa_int=\count370
\l__fontspec_tmpb_int=\count371
\l__fontspec_tmpc_int=\count372
\l__fontspec_em_int=\count373
\l__fontspec_emdef_int=\count374
\l__fontspec_strong_int=\count375
\l__fontspec_strongdef_int=\count376
\l__fontspec_tmpa_dim=\dimen318
\l__fontspec_tmpb_dim=\dimen319
\l__fontspec_tmpc_dim=\dimen320

(/home/abolfazl/Documents/Programs/Texlive/2024/texmf-dist/tex/latex/base/fonte
nc.sty
Package: fontenc 2021/04/29 v2.0v Standard LaTeX package
)
(/home/abolfazl/Documents/Programs/Texlive/2024/texmf-dist/tex/latex/fontspec/f
ontspec.cfg)))

Package fontspec Info: 
(fontspec)             LobsterTwo-Regular scale = 1.


Package fontspec Info: 
(fontspec)             LobsterTwo-Regular scale = 1.


Package fontspec Info: 
(fontspec)             LobsterTwo-Bold scale = 1.


Package fontspec Info: 
(fontspec)             LobsterTwo-Italic scale = 1.


Package fontspec Info: 
(fontspec)             LobsterTwo-BoldItalic scale = 1.


Package fontspec Info: 
(fontspec)             Font family 'LobsterTwo(0)' created for font
(fontspec)             'LobsterTwo' with options [Ligatures = TeX,Extension =
(fontspec)             .otf,Scale = 1,Ligatures=TeX,UprightFont =
(fontspec)             *-Regular,ItalicFont = *-Italic,BoldFont =
(fontspec)             *-Bold,BoldItalicFont = *-BoldItalic].
(fontspec)              
(fontspec)              This font family consists of the following NFSS
(fontspec)             series/shapes:
(fontspec)              
(fontspec)             - 'normal' (m/n) with NFSS spec.:
(fontspec)             <->s*[1]"[LobsterTwo-Regular.otf]/OT:script=latn;languag
e=dflt;mapping=tex-text;"
(fontspec)             - 'bold' (b/n) with NFSS spec.:
(fontspec)             <->s*[1]"[LobsterTwo-Bold.otf]/OT:script=latn;language=d
flt;mapping=tex-text;"
(fontspec)             - 'italic' (m/it) with NFSS spec.:
(fontspec)             <->s*[1]"[LobsterTwo-Italic.otf]/OT:script=latn;language
=dflt;mapping=tex-text;"
(fontspec)             - 'bold italic' (b/it) with NFSS spec.:
(fontspec)             <->s*[1]"[LobsterTwo-BoldItalic.otf]/OT:script=latn;lang
uage=dflt;mapping=tex-text;"

LaTeX Font Info:    Font shape `TU/LobsterTwo(0)/m/n' will be
(Font)              scaled to size 10.0pt on input line 42.

Package fontspec Info: 
(fontspec)             LobsterTwo-Regular scale = 1.


Package fontspec Info: 
(fontspec)             LobsterTwo-Regular scale = 1.


Package fontspec Info: 
(fontspec)             LobsterTwo-Bold scale = 1.


Package fontspec Info: 
(fontspec)             LobsterTwo-Italic scale = 1.


Package fontspec Info: 
(fontspec)             LobsterTwo-BoldItalic scale = 1.


Package fontspec Info: 
(fontspec)             Font family 'LobsterTwo(1)' created for font
(fontspec)             'LobsterTwo' with options [Ligatures = TeX,Extension =
(fontspec)             .otf,Scale = 1,UprightFont = *-Regular,ItalicFont =
(fontspec)             *-Italic,BoldFont = *-Bold,BoldItalicFont =
(fontspec)             *-BoldItalic].
(fontspec)              
(fontspec)              This font family consists of the following NFSS
(fontspec)             series/shapes:
(fontspec)              
(fontspec)             - 'normal' (m/n) with NFSS spec.:
(fontspec)             <->s*[1]"[LobsterTwo-Regular.otf]/OT:script=latn;languag
e=dflt;mapping=tex-text;"
(fontspec)             - 'bold' (b/n) with NFSS spec.:
(fontspec)             <->s*[1]"[LobsterTwo-Bold.otf]/OT:script=latn;language=d
flt;mapping=tex-text;"
(fontspec)             - 'italic' (m/it) with NFSS spec.:
(fontspec)             <->s*[1]"[LobsterTwo-Italic.otf]/OT:script=latn;language
=dflt;mapping=tex-text;"
(fontspec)             - 'bold italic' (b/it) with NFSS spec.:
(fontspec)             <->s*[1]"[LobsterTwo-BoldItalic.otf]/OT:script=latn;lang
uage=dflt;mapping=tex-text;"

)
(/home/abolfazl/Documents/Programs/Texlive/2024/texmf-dist/tex/latex/epigraph/e
pigraph.sty
Package: epigraph 2020/01/02 v1.5e typesetting epigraphs

(/home/abolfazl/Documents/Programs/Texlive/2024/texmf-dist/tex/latex/nextpage/n
extpage.sty
Package: nextpage 2009/09/03 v1.1a additional page commands
)
\beforeepigraphskip=\skip142
\afterepigraphskip=\skip143
\epigraphwidth=\skip144
\epigraphrule=\skip145
)
(/home/abolfazl/Documents/Programs/Texlive/2024/texmf-dist/tex/xelatex/bidihl/b
idihl.sty
Package: bidihl 2015/07/07 v0.1c Experimental bidi-aware text highlighting
\bidihl@line@thickness=\dimen321
\bidihl@pixel=\dimen322
\bidihl@height=\dimen323
\bidihl@depth=\dimen324
\bidihl@spacefactor=\count377
)
(/home/abolfazl/Documents/Programs/Texlive/2024/texmf-dist/tex/latex/fancyhdr/f
ancyhdr.sty
Package: fancyhdr 2025/01/06 v5.1 Extensive control of page headers and footers

\f@nch@headwidth=\skip146
\f@nch@offset@elh=\skip147
\f@nch@offset@erh=\skip148
\f@nch@offset@olh=\skip149
\f@nch@offset@orh=\skip150
\f@nch@offset@elf=\skip151
\f@nch@offset@erf=\skip152
\f@nch@offset@olf=\skip153
\f@nch@offset@orf=\skip154
\f@nch@height=\skip155
\f@nch@footalignment=\skip156
\f@nch@widthL=\skip157
\f@nch@widthC=\skip158
\f@nch@widthR=\skip159
\@temptokenb=\toks55
)
(/home/abolfazl/Documents/Programs/Texlive/2024/texmf-dist/tex/latex/listings/l
istings.sty
\lst@mode=\count378
\lst@gtempboxa=\box126
\lst@token=\toks56
\lst@length=\count379
\lst@currlwidth=\dimen325
\lst@column=\count380
\lst@pos=\count381
\lst@lostspace=\dimen326
\lst@width=\dimen327
\lst@newlines=\count382
\lst@lineno=\count383
\lst@maxwidth=\dimen328

(/home/abolfazl/Documents/Programs/Texlive/2024/texmf-dist/tex/latex/listings/l
stpatch.sty
File: lstpatch.sty 2024/09/23 1.10c (Carsten Heinz)
)
(/home/abolfazl/Documents/Programs/Texlive/2024/texmf-dist/tex/latex/listings/l
stmisc.sty
File: lstmisc.sty 2024/09/23 1.10c (Carsten Heinz)
\c@lstnumber=\count384
\lst@skipnumbers=\count385
\lst@framebox=\box127
)
(/home/abolfazl/Documents/Programs/Texlive/2024/texmf-dist/tex/latex/listings/l
istings.cfg
File: listings.cfg 2024/09/23 1.10c listings configuration
))
Package: listings 2024/09/23 1.10c (Carsten Heinz)

(/home/abolfazl/Documents/Programs/Texlive/2024/texmf-dist/tex/latex/base/makei
dx.sty
Package: makeidx 2021/10/04 v1.0m Standard LaTeX package
)
\@indexfile=\write4
\openout4 = `FinalExam.idx'.


Writing index file FinalExam.idx

(/home/abolfazl/Documents/Programs/Texlive/2024/texmf-dist/tex/latex/todonotes/
todonotes.sty
Package: todonotes 2024/01/05 v1.1.7 Todonotes source and documentation.
Package: todonotes 2024/01/05

(/home/abolfazl/Documents/Programs/Texlive/2024/texmf-dist/tex/generic/pgf/fron
tendlayer/tikz/libraries/tikzlibrarypositioning.code.tex
File: tikzlibrarypositioning.code.tex 2023-01-15 v3.1.10 (3.1.10)
)
\c@@todonotes@numberoftodonotes=\count386
)
(/home/abolfazl/Documents/Programs/Texlive/2024/texmf-dist/tex/latex/hyperref/h
yperref.sty
Package: hyperref 2024-11-05 v7.01l Hypertext links for LaTeX

(/home/abolfazl/Documents/Programs/Texlive/2024/texmf-dist/tex/generic/pdfescap
e/pdfescape.sty
Package: pdfescape 2019/12/09 v1.15 Implements pdfTeX's escape features (HO)
)
(/home/abolfazl/Documents/Programs/Texlive/2024/texmf-dist/tex/latex/hycolor/hy
color.sty
Package: hycolor 2020-01-27 v1.10 Color options for hyperref/bookmark (HO)
)
(/home/abolfazl/Documents/Programs/Texlive/2024/texmf-dist/tex/latex/hyperref/n
ameref.sty
Package: nameref 2023-11-26 v2.56 Cross-referencing by name of section

(/home/abolfazl/Documents/Programs/Texlive/2024/texmf-dist/tex/latex/refcount/r
efcount.sty
Package: refcount 2019/12/15 v3.6 Data extraction from label references (HO)
)
(/home/abolfazl/Documents/Programs/Texlive/2024/texmf-dist/tex/generic/gettitle
string/gettitlestring.sty
Package: gettitlestring 2019/12/15 v1.6 Cleanup title references (HO)
)
\c@section@level=\count387
)
(/home/abolfazl/Documents/Programs/Texlive/2024/texmf-dist/tex/generic/stringen
c/stringenc.sty
Package: stringenc 2019/11/29 v1.12 Convert strings between diff. encodings (HO
)
)
\@linkdim=\dimen329
\Hy@linkcounter=\count388
\Hy@pagecounter=\count389

(/home/abolfazl/Documents/Programs/Texlive/2024/texmf-dist/tex/latex/hyperref/p
d1enc.def
File: pd1enc.def 2024-11-05 v7.01l Hyperref: PDFDocEncoding definition (HO)
)
(/home/abolfazl/Documents/Programs/Texlive/2024/texmf-dist/tex/generic/intcalc/
intcalc.sty
Package: intcalc 2019/12/15 v1.3 Expandable calculations with integers (HO)
)
\Hy@SavedSpaceFactor=\count390

(/home/abolfazl/Documents/Programs/Texlive/2024/texmf-dist/tex/latex/hyperref/p
uenc.def
File: puenc.def 2024-11-05 v7.01l Hyperref: PDF Unicode definition (HO)
)
Package hyperref Info: Hyper figures OFF on input line 4157.
Package hyperref Info: Link nesting OFF on input line 4162.
Package hyperref Info: Hyper index ON on input line 4165.
Package hyperref Info: Plain pages OFF on input line 4172.
Package hyperref Info: Backreferencing OFF on input line 4177.
Package hyperref Info: Implicit mode ON; LaTeX internals redefined.
Package hyperref Info: Bookmarks ON on input line 4424.
\c@Hy@tempcnt=\count391

(/home/abolfazl/Documents/Programs/Texlive/2024/texmf-dist/tex/latex/url/url.st
y
\Urlmuskip=\muskip18
Package: url 2013/09/16  ver 3.4  Verb mode for urls, etc.
)
LaTeX Info: Redefining \url on input line 4763.
\XeTeXLinkMargin=\dimen330

(/home/abolfazl/Documents/Programs/Texlive/2024/texmf-dist/tex/generic/bitset/b
itset.sty
Package: bitset 2019/12/09 v1.3 Handle bit-vector datatype (HO)

(/home/abolfazl/Documents/Programs/Texlive/2024/texmf-dist/tex/generic/bigintca
lc/bigintcalc.sty
Package: bigintcalc 2019/12/15 v1.5 Expandable calculations on big integers (HO
)
))
\Fld@menulength=\count392
\Field@Width=\dimen331
\Fld@charsize=\dimen332
Package hyperref Info: Hyper figures OFF on input line 6042.
Package hyperref Info: Link nesting OFF on input line 6047.
Package hyperref Info: Hyper index ON on input line 6050.
Package hyperref Info: backreferencing OFF on input line 6057.
Package hyperref Info: Link coloring OFF on input line 6062.
Package hyperref Info: Link coloring with OCG OFF on input line 6067.
Package hyperref Info: PDF/A mode OFF on input line 6072.

(/home/abolfazl/Documents/Programs/Texlive/2024/texmf-dist/tex/latex/base/atbeg
shi-ltx.sty
Package: atbegshi-ltx 2021/01/10 v1.0c Emulation of the original atbegshi
package with kernel methods
)
\Hy@abspage=\count393
\c@Item=\count394
\c@Hfootnote=\count395
)
Package hyperref Info: Driver (autodetected): hxetex.

(/home/abolfazl/Documents/Programs/Texlive/2024/texmf-dist/tex/latex/hyperref/h
xetex.def
File: hxetex.def 2024-11-05 v7.01l Hyperref driver for XeTeX
\pdfm@box=\box128
\c@Hy@AnnotLevel=\count396
\HyField@AnnotCount=\count397
\Fld@listcount=\count398
\c@bookmark@seq@number=\count399

(/home/abolfazl/Documents/Programs/Texlive/2024/texmf-dist/tex/latex/rerunfilec
heck/rerunfilecheck.sty
Package: rerunfilecheck 2022-07-10 v1.10 Rerun checks for auxiliary files (HO)

(/home/abolfazl/Documents/Programs/Texlive/2024/texmf-dist/tex/latex/base/atver
yend-ltx.sty
Package: atveryend-ltx 2020/08/19 v1.0a Emulation of the original atveryend pac
kage
with kernel methods
)
(/home/abolfazl/Documents/Programs/Texlive/2024/texmf-dist/tex/generic/uniqueco
unter/uniquecounter.sty
Package: uniquecounter 2019/12/15 v1.4 Provide unlimited unique counter (HO)
)
Package uniquecounter Info: New unique counter `rerunfilecheck' on input line 2
85.
)
\Hy@SectionHShift=\skip160
)
(/home/abolfazl/Documents/Programs/Texlive/2024/texmf-dist/tex/latex/glossaries
/base/glossaries.sty
Package: glossaries 2024/11/01 v4.55 (NLCT)

(/home/abolfazl/Documents/Programs/Texlive/2024/texmf-dist/tex/latex/mfirstuc/m
firstuc.sty
Package: mfirstuc 2022/10/14 v2.08 (NLCT)
\@glsmfirst=\toks57
\@glsmrest=\toks58
)
(/home/abolfazl/Documents/Programs/Texlive/2024/texmf-dist/tex/latex/xfor/xfor.
sty
Package: xfor 2009/02/05 v1.05 (NLCT)
)
(/home/abolfazl/Documents/Programs/Texlive/2024/texmf-dist/tex/latex/datatool/d
atatool-base.sty
Package: datatool-base 2019/09/27 v2.32 (NLCT)

(/home/abolfazl/Documents/Programs/Texlive/2024/texmf-dist/tex/latex/substr/sub
str.sty
Package: substr 2009/10/20 v1.2 Handle substrings
\c@su@anzahl=\count400
)
(/home/abolfazl/Documents/Programs/Texlive/2024/texmf-dist/tex/latex/datatool/d
atatool-fp.sty
Package: datatool-fp 2019/09/27 v2.32 (NLCT)

(/home/abolfazl/Documents/Programs/Texlive/2024/texmf-dist/tex/latex/fp/fp.sty
Package: fp 1995/04/02

`Fixed Point Package', Version 0.8, April 2, 1995 (C) Michael Mehlich
(/home/abolfazl/Documents/Programs/Texlive/2024/texmf-dist/tex/latex/fp/defpatt
ern.sty
Package: defpattern 1994/10/12
\actioncount=\count401
)
(/home/abolfazl/Documents/Programs/Texlive/2024/texmf-dist/tex/latex/fp/fp-basi
c.sty
Package: fp-basic 1996/05/13
\FP@xs=\count402
\FP@xia=\count403
\FP@xib=\count404
\FP@xfa=\count405
\FP@xfb=\count406
\FP@rega=\count407
\FP@regb=\count408
\FP@regs=\count409
\FP@times=\count410
)
(/home/abolfazl/Documents/Programs/Texlive/2024/texmf-dist/tex/latex/fp/fp-addo
ns.sty
Package: fp-addons 1995/03/15
)
(/home/abolfazl/Documents/Programs/Texlive/2024/texmf-dist/tex/latex/fp/fp-snap
.sty
Package: fp-snap 1995/04/05
)
(/home/abolfazl/Documents/Programs/Texlive/2024/texmf-dist/tex/latex/fp/fp-exp.
sty
Package: fp-exp 1995/04/03
)
(/home/abolfazl/Documents/Programs/Texlive/2024/texmf-dist/tex/latex/fp/fp-trig
o.sty
Package: fp-trigo 1995/04/14
)
(/home/abolfazl/Documents/Programs/Texlive/2024/texmf-dist/tex/latex/fp/fp-pas.
sty
Package: fp-pas 1994/08/29
)
(/home/abolfazl/Documents/Programs/Texlive/2024/texmf-dist/tex/latex/fp/fp-rand
om.sty
Package: fp-random 1995/02/23
\FPseed=\count411
)
(/home/abolfazl/Documents/Programs/Texlive/2024/texmf-dist/tex/latex/fp/fp-eqn.
sty
Package: fp-eqn 1995/04/03
)
(/home/abolfazl/Documents/Programs/Texlive/2024/texmf-dist/tex/latex/fp/fp-upn.
sty
Package: fp-upn 1996/10/21
)
(/home/abolfazl/Documents/Programs/Texlive/2024/texmf-dist/tex/latex/fp/fp-eval
.sty
Package: fp-eval 1995/04/03
)))
\@dtl@toks=\toks59
\@dtl@tmpcount=\count412
\dtl@tmplength=\skip161
\dtl@sortresult=\count413
\@dtl@numgrpsepcount=\count414
\@dtl@datatype=\count415
\dtl@codeA=\count416
\dtl@codeB=\count417
\@dtl@foreach@level=\count418
)
\gls@level=\count419
\@gls@tmpb=\toks60
\gls@tmplen=\skip162
\glskeylisttok=\toks61
\glslabeltok=\toks62
\glsshorttok=\toks63
\glslongtok=\toks64

(/home/abolfazl/Documents/Programs/Texlive/2024/texmf-dist/tex/latex/glossaries
/styles/glossary-hypernav.sty
Package: glossary-hypernav 2024/11/01 v4.55 (NLCT)
)
(/home/abolfazl/Documents/Programs/Texlive/2024/texmf-dist/tex/latex/glossaries
/styles/glossary-list.sty
Package: glossary-list 2024/11/01 v4.55 (NLCT)
\glslistdottedwidth=\skip163
)
(/home/abolfazl/Documents/Programs/Texlive/2024/texmf-dist/tex/latex/glossaries
/styles/glossary-long.sty
Package: glossary-long 2024/11/01 v4.55 (NLCT)

(/home/abolfazl/Documents/Programs/Texlive/2024/texmf-dist/tex/latex/tools/long
table.sty
Package: longtable 2024-10-27 v4.22 Multi-page Table package (DPC)
\LTleft=\skip164
\LTright=\skip165
\LTpre=\skip166
\LTpost=\skip167
\LTchunksize=\count420
\LTcapwidth=\dimen333
\LT@head=\box129
\LT@firsthead=\box130
\LT@foot=\box131
\LT@lastfoot=\box132
\LT@gbox=\box133
\LT@cols=\count421
\LT@rows=\count422
\c@LT@tables=\count423
\c@LT@chunks=\count424
\LT@p@ftn=\toks65
)
\glsdescwidth=\skip168
\glspagelistwidth=\skip169
)
(/home/abolfazl/Documents/Programs/Texlive/2024/texmf-dist/tex/latex/glossaries
/styles/glossary-super.sty
Package: glossary-super 2024/11/01 v4.55 (NLCT)

(/home/abolfazl/Documents/Programs/Texlive/2024/texmf-dist/tex/latex/supertabul
ar/supertabular.sty
Package: supertabular 2024/07/20 v4.2c the supertabular environment
\c@tracingst=\count425
\ST@wd=\dimen334
\ST@rightskip=\skip170
\ST@leftskip=\skip171
\ST@parfillskip=\skip172
\ST@pageleft=\dimen335
\ST@headht=\dimen336
\ST@tailht=\dimen337
\ST@pagesofar=\dimen338
\ST@pboxht=\dimen339
\ST@rowht=\dimen340
\ST@prevht=\dimen341
\ST@toadd=\dimen342
\ST@dimen=\dimen343
\ST@pbox=\box134
))
(/home/abolfazl/Documents/Programs/Texlive/2024/texmf-dist/tex/latex/glossaries
/styles/glossary-tree.sty
Package: glossary-tree 2024/11/01 v4.55 (NLCT)
\glstreeindent=\skip173
)))
(/home/abolfazl/Documents/Programs/Texlive/2024/texmf-dist/tex/xelatex/xepersia
n/xepersian.sty
Package: xepersian 2025/01/06 v26.0 (Release Persian Gate) Persian typesetting 
in XeLaTeX

****************************************************
* 
* xepersian package (Persian for LaTeX, using XeTeX engine)
* 
* Description: The package supports Persian
* typesetting, using fonts provided in the
* distribution.
* 
* Copyright (c) 2008--2025 Vafa Khalighi
* Copyright (c) 2018--2020 bidi-tex GitHub Organization
* 
* v26.0 (Release Persian Gate), 2025/01/06
* 
* License: LaTeX Project Public License, version
* 1.3c or higher (your choice)
* 
* Location on CTAN: /macros/xetex/latex/xepersian
* 
* Issue tracker: https://github.com/xepersian/xepersian/issues
* 
* Discussions: https://github.com/xepersian/xepersian/discussions
* 
* Primary author of xepersian package: Vafa Khalighi.
* 
****************************************************

(/home/abolfazl/Documents/Programs/Texlive/2024/texmf-dist/tex/xelatex/xepersia
n/xepersian-persiancal.sty
Package: xepersian-persiancal 2025/01/01 v0.3 provides Persian calendar
\XePersian@i=\count426
\XePersian@y=\count427
\XePersian@m=\count428
\XePersian@d=\count429
\XePersian@latini=\count430
\XePersian@persiani=\count431
\XePersian@latinii=\count432
\XePersian@persianii=\count433
\XePersian@latiniii=\count434
\XePersian@persianiii=\count435
\XePersian@latiniv=\count436
\XePersian@persianiv=\count437
\XePersian@latinv=\count438
\XePersian@persianv=\count439
\XePersian@latinvi=\count440
\XePersian@persianvi=\count441
\XePersian@latinvii=\count442
\XePersian@persianvii=\count443
\XePersian@latinviii=\count444
\XePersian@persianviii=\count445
\XePersian@latinix=\count446
\XePersian@persianix=\count447
\XePersian@latinx=\count448
\XePersian@persianx=\count449
\XePersian@latinxi=\count450
\XePersian@persianxi=\count451
\XePersian@latinxii=\count452
\XePersian@persianxii=\count453
\XePersian@persianxiii=\count454
\XePersian@temp=\count455
\XePersian@temptwo=\count456
\XePersian@tempthree=\count457
\XePersian@yModHundred=\count458
\XePersian@thirtytwo=\count459
\XePersian@dn=\count460
\XePersian@sn=\count461
\XePersian@mminusone=\count462
)
(/home/abolfazl/Documents/Programs/Texlive/2024/texmf-dist/tex/xelatex/xepersia
n/xepersian-mathdigitspec.sty
Package: xepersian-mathdigitspec 2025/01/01 v1.2.1 Unicode Persian math digits 
in XeLaTeX
)
(/home/abolfazl/Documents/Programs/Texlive/2024/texmf-dist/tex/xelatex/bidi/bid
i.sty
Package: bidi 2025/01/07 v41.4 (Release Maryam Mirzakhani) Bidirectional typese
tting in plain TeX and LaTeX

****************************************************
* 
* bidi package (Bidirectional typesetting in
* plain TeX and LaTeX, using XeTeX engine)
* 
* Description: A convenient interface for
* typesetting bidirectional texts in plain TeX
* and LaTeX. The package includes adaptations
* for use with many other commonly-used packages.
* 
* Copyright (c) 2007--2025 Vafa Khalighi
* Copyright (c) 2018--2020 bidi-tex GitHub organization
* 
* v41.4 (Release Maryam Mirzakhani), 2025/01/07
* 
* License: LaTeX Project Public License, version
* 1.3c or higher (your choice)
* 
* Location on CTAN: /macros/xetex/latex/bidi
* 
* Issue tracker: https://github.com/xepersian/bidi/issues
* 
* Discussions: https://github.com/xepersian/bidi/discussions
* 
* Primary author of bidi package: Vafa Khalighi.
* 
****************************************************

(/home/abolfazl/Documents/Programs/Texlive/2024/texmf-dist/tex/xelatex/bidi/bid
itools.sty
Package: biditools 2025/01/03 v2.6 Programming tools for bidi package
\@bidi@envbody=\toks66
\@bidi@emptytoks=\toks67
\bidi@poscount=\count463
\bidi@tempcountb=\count464
\bidi@temptoksa=\toks68
\bidi@temptoksb=\toks69
\bidi@dummies=\count465
\bidi@are@these@correct=\toks70
\bidi@toks@lista=\toks71
\bidi@toks@listb=\toks72
\bidi@stack@length=\count466
\bidi@empty@stack=\toks73
\bidi@looprepeat@depth=\count467
)
\@bidi@copyins@=\insert252
\bidi@typesethour=\count468
\bidi@typesetminute=\count469

(/home/abolfazl/Documents/Programs/Texlive/2024/texmf-dist/tex/xelatex/bidi/lat
ex-xetex-bidi.def
File: latex-xetex-bidi.def 2025/01/03 v1.5.2 bidi adaptations for `latex.ltx' f
or XeTeX engine
\bidi@n@everypar=\toks74
LaTeX Info: Redefining \centerline on input line 316.
LaTeX Info: Redefining \leftline on input line 325.
LaTeX Info: Redefining \rightline on input line 326.
LaTeX Info: Redefining \underline on input line 334.
\bidi@column@check@number=\count470

(/home/abolfazl/Documents/Programs/Texlive/2024/texmf-dist/tex/xelatex/bidi/foo
tnote-xetex-bidi.def
File: footnote-xetex-bidi.def 2024/12/14 v1.3 bidi footnote macros for XeTeX en
gine
\c@footdir@label=\count471
\footdir@toks=\toks75
)
(/home/abolfazl/Documents/Programs/Texlive/2024/texmf-dist/tex/xelatex/bidi/art
icle-xetex-bidi.def
File: article-xetex-bidi.def 2025/01/05 v0.9 bidi adaptations for standard arti
cle class for XeTeX engine
)
(/home/abolfazl/Documents/Programs/Texlive/2024/texmf-dist/tex/xelatex/bidi/ams
math-xetex-bidi.def
File: amsmath-xetex-bidi.def 2020/05/16 v1.2 bidi adaptations for amsmath packa
ge for XeTeX engine
)
(/home/abolfazl/Documents/Programs/Texlive/2024/texmf-dist/tex/xelatex/bidi/ams
text-xetex-bidi.def
File: amstext-xetex-bidi.def 2016/09/12 v0.2 bidi adaptations for amstext packa
ge for XeTeX engine
)
(/home/abolfazl/Documents/Programs/Texlive/2024/texmf-dist/tex/xelatex/bidi/ams
thm-xetex-bidi.def
File: amsthm-xetex-bidi.def 2010/07/25 v0.1 bidi adaptations for amsthm package
 for XeTeX engine
)
(/home/abolfazl/Documents/Programs/Texlive/2024/texmf-dist/tex/xelatex/bidi/arr
ay-xetex-bidi.def
File: array-xetex-bidi.def 2024/12/10 v0.5 bidi adaptations for array package f
or XeTeX engine
)
(/home/abolfazl/Documents/Programs/Texlive/2024/texmf-dist/tex/xelatex/bidi/cap
tion-xetex-bidi.def
File: caption-xetex-bidi.def 2010/07/25 v0.1 bidi adaptations for caption packa
ge for XeTeX engine
)
(/home/abolfazl/Documents/Programs/Texlive/2024/texmf-dist/tex/xelatex/bidi/cap
tion3-xetex-bidi.def
File: caption3-xetex-bidi.def 2013/04/01 v0.1 bidi adaptations for caption3 pac
kage for XeTeX engine
)
(/home/abolfazl/Documents/Programs/Texlive/2024/texmf-dist/tex/xelatex/bidi/col
or-xetex-bidi.def
File: color-xetex-bidi.def 2013/04/08 v0.2 bidi adaptations for color package f
or XeTeX engine
LaTeX Info: Redefining \color on input line 49.
)
(/home/abolfazl/Documents/Programs/Texlive/2024/texmf-dist/tex/xelatex/bidi/col
ortbl-xetex-bidi.def
File: colortbl-xetex-bidi.def 2012/06/10 v0.2 bidi adaptations for colortbl pac
kage for XeTeX engine
)
(/home/abolfazl/Documents/Programs/Texlive/2024/texmf-dist/tex/xelatex/bidi/eso
-pic-xetex-bidi.def
File: eso-pic-xetex-bidi.def 2022/02/18 v0.4 bidi adaptations for eso-pic packa
ge for XeTeX engine
)
(/home/abolfazl/Documents/Programs/Texlive/2024/texmf-dist/tex/xelatex/bidi/fan
cyhdr-xetex-bidi.def
File: fancyhdr-xetex-bidi.def 2025/01/07 v0.9 bidi adaptations for fancyhdr pac
kage for XeTeX engine
)
(/home/abolfazl/Documents/Programs/Texlive/2024/texmf-dist/tex/xelatex/bidi/flo
at-xetex-bidi.def
File: float-xetex-bidi.def 2013/04/04 v0.2 bidi adaptations for float package f
or XeTeX engine
)
(/home/abolfazl/Documents/Programs/Texlive/2024/texmf-dist/tex/xelatex/bidi/fra
med-xetex-bidi.def
File: framed-xetex-bidi.def 2012/06/05 v0.3 bidi adaptations for framed package
 for XeTeX engine
)
(/home/abolfazl/Documents/Programs/Texlive/2024/texmf-dist/tex/xelatex/bidi/geo
metry-xetex-bidi.def
File: geometry-xetex-bidi.def 2017/01/14 v0.2 bidi adaptations for geometry pac
kage for XeTeX engine
)
(/home/abolfazl/Documents/Programs/Texlive/2024/texmf-dist/tex/xelatex/bidi/gra
phicx-xetex-bidi.def
File: graphicx-xetex-bidi.def 2017/06/17 v0.5 bidi adaptations for graphicx pac
kage for XeTeX engine
)
(/home/abolfazl/Documents/Programs/Texlive/2024/texmf-dist/tex/xelatex/bidi/hyp
erref-xetex-bidi.def
File: hyperref-xetex-bidi.def 2025/01/05 v1.4 bidi adaptations for hyperref pac
kage for XeTeX engine
)
(/home/abolfazl/Documents/Programs/Texlive/2024/texmf-dist/tex/xelatex/bidi/lis
tings-xetex-bidi.def
File: listings-xetex-bidi.def 2025/01/03 v1.6 bidi adaptations for listings pac
kage for XeTeX engine
)
(/home/abolfazl/Documents/Programs/Texlive/2024/texmf-dist/tex/xelatex/bidi/lon
gtable-xetex-bidi.def
File: longtable-xetex-bidi.def 2025/01/05 v0.8 bidi adaptations for longtable p
ackage for XeTeX engine
)
(/home/abolfazl/Documents/Programs/Texlive/2024/texmf-dist/tex/xelatex/bidi/mdf
ramed-xetex-bidi.def
File: mdframed-xetex-bidi.def 2013/09/22 v0.4 bidi adaptations for mdframed pac
kage for XeTeX engine
)
(/home/abolfazl/Documents/Programs/Texlive/2024/texmf-dist/tex/xelatex/bidi/mul
ticol-xetex-bidi.def
File: multicol-xetex-bidi.def 2022/07/10 v1.4 bidi adaptations for multicol pac
kage for XeTeX engine
)
(/home/abolfazl/Documents/Programs/Texlive/2024/texmf-dist/tex/xelatex/bidi/pdf
pages-xetex-bidi.def
File: pdfpages-xetex-bidi.def 2010/07/25 v0.1 bidi adaptations for pdfpages pac
kage for XeTeX engine
)
(/home/abolfazl/Documents/Programs/Texlive/2024/texmf-dist/tex/xelatex/bidi/pgf
sys-xetex-bidi.def
File: pgfsys-xetex-bidi.def 2025/01/05 v0.1 bidi adaptations for pgfsys package
 for XeTeX engine
)
(/home/abolfazl/Documents/Programs/Texlive/2024/texmf-dist/tex/xelatex/bidi/rot
ating-xetex-bidi.def
File: rotating-xetex-bidi.def 2013/05/22 v0.2 bidi adaptations for rotating pac
kage for XeTeX engine
)
(/home/abolfazl/Documents/Programs/Texlive/2024/texmf-dist/tex/xelatex/bidi/tit
lesec-xetex-bidi.def
File: titlesec-xetex-bidi.def 2010/07/25 v0.1 bidi adaptations for titlesec pac
kage for XeTeX engine
)
(/home/abolfazl/Documents/Programs/Texlive/2024/texmf-dist/tex/xelatex/bidi/tod
onotes-xetex-bidi.def
File: todonotes-xetex-bidi.def 2016/11/08 v0.4 bidi adaptations for todonotes p
ackage for XeTeX engine
)
(/home/abolfazl/Documents/Programs/Texlive/2024/texmf-dist/tex/xelatex/bidi/wra
pfig-xetex-bidi.def
File: wrapfig-xetex-bidi.def 2014/04/23 v0.3 bidi adaptations for wrapfig packa
ge for XeTeX engine
)
(/home/abolfazl/Documents/Programs/Texlive/2024/texmf-dist/tex/xelatex/bidi/xco
lor-xetex-bidi.def
File: xcolor-xetex-bidi.def 2022/06/13 v0.3 bidi adaptations for xcolor package
 for XeTeX engine
LaTeX Info: Redefining \color on input line 48.
LaTeX Info: Redefining \bidicolor on input line 91.
)
(/home/abolfazl/Documents/Programs/Texlive/2024/texmf-dist/tex/xelatex/bidi/pgf
corescopes.code-xetex-bidi.def
File: pgfcorescopes.code-xetex-bidi.def 2015/11/14 v0.1 bidi adaptations for pg
f package for XeTeX engine
))
\bidi@digits=\count472
\bidi@digits@charclass=\XeTeXcharclass1
\bidi@sepmark@charclass=\XeTeXcharclass2
)
\xepersian@tcl=\count473
\xepersian@ilg=\dimen344
\xepersian@strutilg=\dimen345

(/home/abolfazl/Documents/Programs/Texlive/2024/texmf-dist/tex/xelatex/xepersia
n/footnote-xetex-bidi-xetex-xepersian.def
File: footnote-xetex-bidi-xetex-xepersian.def 2017/08/09 v0.6 xepersian adaptat
ions for footnotes for XeTeX engine
)
(/home/abolfazl/Documents/Programs/Texlive/2024/texmf-dist/tex/xelatex/xepersia
n/article-xetex-xepersian.def
File: article-xetex-xepersian.def 2010/07/25 v0.2 xepersian adaptations for sta
ndard article class for XeTeX engine
)
(/home/abolfazl/Documents/Programs/Texlive/2024/texmf-dist/tex/xelatex/xepersia
n/framed-xetex-xepersian.def
File: framed-xetex-xepersian.def 2012/06/05 v0.1 xepersian adaptations for fram
ed package for XeTeX engine
)
(/home/abolfazl/Documents/Programs/Texlive/2024/texmf-dist/tex/xelatex/xepersia
n/glossaries-xetex-xepersian.def
File: glossaries-xetex-xepersian.def 2014/09/04 v0.4 xepersian adaptations for 
glossaries package for XeTeX engine


Package glossaries Warning: \glsaddprotectedpagefmt has no effect with esclocat
ions=false on input line 41.


Package glossaries Warning: \glsaddprotectedpagefmt has no effect with esclocat
ions=false on input line 42.


Package glossaries Warning: \glsaddprotectedpagefmt has no effect with esclocat
ions=false on input line 43.

)
(/home/abolfazl/Documents/Programs/Texlive/2024/texmf-dist/tex/xelatex/xepersia
n/hyperref-xetex-xepersian.def
File: hyperref-xetex-xepersian.def 2022/10/30 v0.8 xepersian adaptations for hy
perref package for XeTeX engine
)
(/home/abolfazl/Documents/Programs/Texlive/2024/texmf-dist/tex/xelatex/xepersia
n/listings-xetex-xepersian.def
File: listings-xetex-xepersian.def 2014/07/17 v0.3 xepersian adaptations for li
stings package for XeTeX engine
)
(/home/abolfazl/Documents/Programs/Texlive/2024/texmf-dist/tex/xelatex/xepersia
n/url-xetex-xepersian.def
File: url-xetex-xepersian.def 2022/02/18 v0.1 xepersian adaptations for url pac
kage for XeTeX engine
)
\xepersian@toks=\toks76
)

Package fontspec Info: 
(fontspec)             Font family 'lmroman10-regular(0)' created for font
(fontspec)             'lmroman10-regular' with options
(fontspec)             [Ligatures=TeX,Path,BoldFont={lmroman10-bold},BoldItalic
Font={lmroman10-bolditalic},ItalicFont={lmroman10-italic},SmallCapsFont={lmroma
ncaps10-regular},SlantedFont={lmromanslant10-regular},BoldSlantedFont={lmromans
lant10-bold}].
(fontspec)              
(fontspec)              This font family consists of the following NFSS
(fontspec)             series/shapes:
(fontspec)              
(fontspec)             - 'normal' (m/n) with NFSS spec.:
(fontspec)             <->"[lmroman10-regular]/OT:script=latn;language=dflt;map
ping=tex-text;"
(fontspec)             - 'small caps'  (m/sc) with NFSS spec.:
(fontspec)             <->"[lmromancaps10-regular]/OT:script=latn;language=dflt
;mapping=tex-text;"
(fontspec)             - 'bold' (b/n) with NFSS spec.:
(fontspec)             <->"[lmroman10-bold]/OT:script=latn;language=dflt;mappin
g=tex-text;"
(fontspec)             - 'bold small caps'  (b/sc) with NFSS spec.:
(fontspec)             <->"[lmromancaps10-regular]/OT:script=latn;language=dflt
;mapping=tex-text;"
(fontspec)             - 'italic' (m/it) with NFSS spec.:
(fontspec)             <->"[lmroman10-italic]/OT:script=latn;language=dflt;mapp
ing=tex-text;"
(fontspec)             - 'italic small caps'  (m/scit) with NFSS spec.:
(fontspec)             <->"[lmromancaps10-regular]/OT:script=latn;language=dflt
;mapping=tex-text;"
(fontspec)             - 'slanted' (m/sl) with NFSS spec.:
(fontspec)             <->"[lmromanslant10-regular]/OT:script=latn;language=dfl
t;mapping=tex-text;"
(fontspec)             - 'slanted small caps'  (m/scsl) with NFSS spec.:
(fontspec)             <->"[lmromancaps10-regular]/OT:script=latn;language=dflt
;mapping=tex-text;"
(fontspec)             - 'bold italic' (b/it) with NFSS spec.:
(fontspec)             <->"[lmroman10-bolditalic]/OT:script=latn;language=dflt;
mapping=tex-text;"
(fontspec)             - 'bold italic small caps'  (b/scit) with NFSS spec.:
(fontspec)             <->"[lmromancaps10-regular]/OT:script=latn;language=dflt
;mapping=tex-text;"
(fontspec)             - 'bold slanted' (b/sl) with NFSS spec.:
(fontspec)             <->"[lmromanslant10-bold]/OT:script=latn;language=dflt;m
apping=tex-text;"
(fontspec)             - 'bold slanted small caps'  (b/scsl) with NFSS spec.:
(fontspec)             <->"[lmromancaps10-regular]/OT:script=latn;language=dflt
;mapping=tex-text;"

 (../..//tex/src/Boostan-BasicCommand.tex
LaTeX Info: Redefining \min on input line 45.
)
(../..//tex/src/Boostan-PackageSettings.tex
(../..//tex/src/Boostan-Listings-settings.tex)
Package hyperref Info: Option `pdfmenubar' set `false' on input line 55.
Package hyperref Info: Option `pdftoolbar' set `true' on input line 55.
Package hyperref Info: Option `colorlinks' set `true' on input line 55.
Package hyperref Info: Option `unicode' set `true' on input line 55.

Package fontspec Info: 
(fontspec)             IRNazanin scale = 1.25.


Package fontspec Info: 
(fontspec)             IRNazanin scale = 1.25.


Package fontspec Info: 
(fontspec)             IRNazanin/B scale = 1.25.


Package fontspec Info: 
(fontspec)             IRNazanin/I scale = 1.25.


Package fontspec Info: 
(fontspec)             IRNazanin/BI scale = 1.25.


Package fontspec Info: 
(fontspec)             Font family 'IRNazanin(0)' created for font 'IRNazanin'
(fontspec)             with options
(fontspec)             [RawFeature={script=arab},Ligatures=PersianTeX,Scale=1.2
5].
(fontspec)              
(fontspec)              This font family consists of the following NFSS
(fontspec)             series/shapes:
(fontspec)              
(fontspec)             - 'normal' (m/n) with NFSS spec.:
(fontspec)             <->s*[1.25]"IRNazanin/OT:language=dflt;script=arab;mappi
ng=persian-tex-text;"
(fontspec)             - 'bold' (b/n) with NFSS spec.:
(fontspec)             <->s*[1.25]"IRNazanin/B/OT:language=dflt;script=arab;map
ping=persian-tex-text;"
(fontspec)             - 'italic' (m/it) with NFSS spec.:
(fontspec)             <->s*[1.25]"IRNazanin/I/OT:language=dflt;script=arab;map
ping=persian-tex-text;"
(fontspec)             - 'bold italic' (b/it) with NFSS spec.:
(fontspec)             <->s*[1.25]"IRNazanin/BI/OT:language=dflt;script=arab;ma
pping=persian-tex-text;"

LaTeX Font Info:    Font shape `TU/IRNazanin(0)/m/n' will be
(Font)              scaled to size 12.5pt on input line 139.

Package fontspec Info: 
(fontspec)             Linux Libertine scale = 1.1.


Package fontspec Info: 
(fontspec)             Linux Libertine scale = 1.1.


Package fontspec Info: 
(fontspec)             Linux Libertine scale = 1.1.


Package fontspec Info: 
(fontspec)             Linux Libertine/B scale = 1.1.


Package fontspec Info: 
(fontspec)             Linux Libertine/B scale = 1.1.


Package fontspec Info: 
(fontspec)             Linux Libertine/I scale = 1.1.


Package fontspec Info: 
(fontspec)             Linux Libertine/I scale = 1.1.


Package fontspec Info: 
(fontspec)             Linux Libertine/BI scale = 1.1.


Package fontspec Info: 
(fontspec)             Font family 'LinuxLibertine(0)' created for font 'Linux
(fontspec)             Libertine' with options [Ligatures=TeX,Scale=1.1].
(fontspec)              
(fontspec)              This font family consists of the following NFSS
(fontspec)             series/shapes:
(fontspec)              
(fontspec)             - 'normal' (m/n) with NFSS spec.: <->s*[1.1]"Linux
(fontspec)             Libertine/OT:script=latn;language=dflt;mapping=tex-text;
"
(fontspec)             - 'small caps'  (m/sc) with NFSS spec.:
(fontspec)             <->s*[1.1]"Linux
(fontspec)             Libertine/OT:script=latn;language=dflt;+smcp;mapping=tex
-text;"
(fontspec)             - 'bold' (b/n) with NFSS spec.: <->s*[1.1]"Linux
(fontspec)             Libertine/B/OT:script=latn;language=dflt;mapping=tex-tex
t;"
(fontspec)             - 'bold small caps'  (b/sc) with NFSS spec.:
(fontspec)             <->s*[1.1]"Linux
(fontspec)             Libertine/B/OT:script=latn;language=dflt;+smcp;mapping=t
ex-text;"
(fontspec)             - 'italic' (m/it) with NFSS spec.: <->s*[1.1]"Linux
(fontspec)             Libertine/I/OT:script=latn;language=dflt;mapping=tex-tex
t;"
(fontspec)             - 'italic small caps'  (m/scit) with NFSS spec.:
(fontspec)             <->s*[1.1]"Linux
(fontspec)             Libertine/I/OT:script=latn;language=dflt;+smcp;mapping=t
ex-text;"
(fontspec)             - 'bold italic' (b/it) with NFSS spec.:
(fontspec)             <->s*[1.1]"Linux
(fontspec)             Libertine/BI/OT:script=latn;language=dflt;mapping=tex-te
xt;"

LaTeX Info: Redefining \latinfont on input line 140.
)
(../..//tex/src/Boostan-Environments.tex
\c@theorem=\count474
\c@principle=\count475
\c@proposition=\count476
\c@lemma=\count477
\c@definition=\count478
\c@example=\count479
\c@prob=\count480
\c@corollary=\count481
\c@property=\count482
\c@remark=\count483
\errorsize=\dimen346
\mybox=\box135
\c@problemcount=\count484
\c@ntcounter=\count485
)
(../..//tex/src/Boostan-ChapterStyle.tex)
(../..//tex/src/Boostan-TitleStyle.tex

Package fontspec Info: 
(fontspec)             Besmellah 2 scale = 50.


Package fontspec Info: 
(fontspec)             Could not resolve font "Besmellah 2/BI" (it probably
(fontspec)             doesn't exist).


Package fontspec Info: 
(fontspec)             Could not resolve font "Besmellah 2/B" (it probably
(fontspec)             doesn't exist).


Package fontspec Info: 
(fontspec)             Could not resolve font "Besmellah 2/I" (it probably
(fontspec)             doesn't exist).


Package fontspec Info: 
(fontspec)             Besmellah 2 scale = 50.


Package fontspec Info: 
(fontspec)             Font family 'Besmellah2(0)' created for font 'Besmellah
(fontspec)             2' with options [Ligatures=TeX,Scale=50].
(fontspec)              
(fontspec)              This font family consists of the following NFSS
(fontspec)             series/shapes:
(fontspec)              
(fontspec)             - 'normal' (m/n) with NFSS spec.: <->s*[50]"Besmellah
(fontspec)             2/OT:language=dflt;mapping=tex-text;"


Package fontspec Info: 
(fontspec)             IRTitr scale = 2.4.


Package fontspec Info: 
(fontspec)             Could not resolve font "IRTitr/BI" (it probably doesn't
(fontspec)             exist).


Package fontspec Info: 
(fontspec)             Could not resolve font "IRTitr/B" (it probably doesn't
(fontspec)             exist).


Package fontspec Info: 
(fontspec)             Could not resolve font "IRTitr/I" (it probably doesn't
(fontspec)             exist).


Package fontspec Info: 
(fontspec)             IRTitr scale = 2.4.


Package fontspec Info: 
(fontspec)             Font family 'IRTitr(0)' created for font 'IRTitr' with
(fontspec)             options
(fontspec)             [RawFeature={script=arab},Ligatures=PersianTeX,Scale=2.4
].
(fontspec)              
(fontspec)              This font family consists of the following NFSS
(fontspec)             series/shapes:
(fontspec)              
(fontspec)             - 'normal' (m/n) with NFSS spec.:
(fontspec)             <->s*[2.4]"IRTitr/OT:language=dflt;script=arab;mapping=p
ersian-tex-text;"


Package fontspec Info: 
(fontspec)             IRTitr scale = 2.3.


Package fontspec Info: 
(fontspec)             Could not resolve font "IRTitr/BI" (it probably doesn't
(fontspec)             exist).


Package fontspec Info: 
(fontspec)             Could not resolve font "IRTitr/B" (it probably doesn't
(fontspec)             exist).


Package fontspec Info: 
(fontspec)             Could not resolve font "IRTitr/I" (it probably doesn't
(fontspec)             exist).


Package fontspec Info: 
(fontspec)             IRTitr scale = 2.3.


Package fontspec Info: 
(fontspec)             Font family 'IRTitr(1)' created for font 'IRTitr' with
(fontspec)             options
(fontspec)             [RawFeature={script=arab},Ligatures=PersianTeX,Scale=2.3
].
(fontspec)              
(fontspec)              This font family consists of the following NFSS
(fontspec)             series/shapes:
(fontspec)              
(fontspec)             - 'normal' (m/n) with NFSS spec.:
(fontspec)             <->s*[2.3]"IRTitr/OT:language=dflt;script=arab;mapping=p
ersian-tex-text;"

) (../..//tex/src/Boostan-Gloss.tex
\glswrite=\write5
\glo@main@file=\write6
\openout6 = `FinalExam.glo'.

Package glossaries Info: Writing glossary file FinalExam.glo on input line 14.
\glo@acronym@file=\write7
\openout7 = `FinalExam.acn'.

Package glossaries Info: Writing glossary file FinalExam.acn on input line 14.
\glo@english@file=\write8
\openout8 = `FinalExam.glo'.

Package glossaries Info: Writing glossary file FinalExam.glo on input line 14.
\glo@persian@file=\write9
\openout9 = `FinalExam.blo'.

Package glossaries Info: Writing glossary file FinalExam.blo on input line 14.
)
Suceeded
\lofthumbsize=\skip174

(/home/abolfazl/Documents/Programs/Texlive/2024/texmf-dist/tex/generic/pgf/fron
tendlayer/tikz/libraries/tikzlibraryshadows.code.tex
File: tikzlibraryshadows.code.tex 2023-01-15 v3.1.10 (3.1.10)

(/home/abolfazl/Documents/Programs/Texlive/2024/texmf-dist/tex/generic/pgf/fron
tendlayer/tikz/libraries/tikzlibraryfadings.code.tex
File: tikzlibraryfadings.code.tex 2023-01-15 v3.1.10 (3.1.10)

(/home/abolfazl/Documents/Programs/Texlive/2024/texmf-dist/tex/generic/pgf/libr
aries/pgflibraryfadings.code.tex
File: pgflibraryfadings.code.tex 2023-01-15 v3.1.10 (3.1.10)
)))))
\c@questionblock=\count486
\c@totalquestions=\count487
\c@question=\count488
\answera=\box136
\answerb=\box137
\answerc=\box138
\answerd=\box139
)
\myn=\count489

(/home/abolfazl/Documents/Programs/Texlive/2024/texmf-dist/tex/xelatex/bidi/flo
at-xetex-bidi.def
File: float-xetex-bidi.def 2013/04/04 v0.2 bidi adaptations for float package f
or XeTeX engine
) (./FinalExam.aux)
\openout1 = `FinalExam.aux'.

LaTeX Font Info:    Checking defaults for OML/cmm/m/it on input line 13.
LaTeX Font Info:    ... okay on input line 13.
LaTeX Font Info:    Checking defaults for OMS/cmsy/m/n on input line 13.
LaTeX Font Info:    ... okay on input line 13.
LaTeX Font Info:    Checking defaults for OT1/cmr/m/n on input line 13.
LaTeX Font Info:    ... okay on input line 13.
LaTeX Font Info:    Checking defaults for T1/cmr/m/n on input line 13.
LaTeX Font Info:    ... okay on input line 13.
LaTeX Font Info:    Checking defaults for TS1/cmr/m/n on input line 13.
LaTeX Font Info:    ... okay on input line 13.
LaTeX Font Info:    Checking defaults for TU/lmr/m/n on input line 13.
LaTeX Font Info:    ... okay on input line 13.
LaTeX Font Info:    Checking defaults for OMX/cmex/m/n on input line 13.
LaTeX Font Info:    ... okay on input line 13.
LaTeX Font Info:    Checking defaults for U/cmr/m/n on input line 13.
LaTeX Font Info:    ... okay on input line 13.
LaTeX Font Info:    Checking defaults for PD1/pdf/m/n on input line 13.
LaTeX Font Info:    ... okay on input line 13.
LaTeX Font Info:    Checking defaults for PU/pdf/m/n on input line 13.
LaTeX Font Info:    ... okay on input line 13.

*geometry* driver: auto-detecting
*geometry* detected driver: xetex

Package geometry Warning: The marginal notes overrun the paper.
     Add 50.3927pt and more to the right margin.

*geometry* verbose mode - [ preamble ] result:
* driver: xetex
* paper: a4paper
* layout: <same size as paper>
* layoutoffset:(h,v)=(0.0pt,0.0pt)
* modes: 
* h-part:(L,W,R)=(25.6073pt, 546.29327pt, 25.6073pt)
* v-part:(T,H,B)=(36.98866pt, 773.91496pt, 34.14322pt)
* \paperwidth=597.50787pt
* \paperheight=845.04684pt
* \textwidth=546.29327pt
* \textheight=773.91496pt
* \oddsidemargin=-46.66269pt
* \evensidemargin=-46.66269pt
* \topmargin=-35.28133pt
* \headheight=0.0pt
* \headsep=0.0pt
* \topskip=10.0pt
* \footskip=0.0pt
* \marginparwidth=65.0pt
* \marginparsep=11.0pt
* \columnsep=10.0pt
* \skip\footins=9.0pt plus 4.0pt minus 2.0pt
* \hoffset=0.0pt
* \voffset=0.0pt
* \mag=1000
* \@twocolumnfalse
* \@twosidefalse
* \@mparswitchfalse
* \@reversemarginfalse
* (1in=72.27pt=25.4mm, 1cm=28.453pt)

Package caption Info: Begin \AtBeginDocument code.
Package caption Info: hyperref package is loaded.
Package caption Info: listings package is loaded.
Package caption Info: longtable package is loaded.

(/home/abolfazl/Documents/Programs/Texlive/2024/texmf-dist/tex/latex/caption/lt
caption.sty
Package: ltcaption 2021/01/08 v1.4c longtable captions (AR)
)
Package caption Info: supertabular package is loaded.
Package caption Info: wrapfig package is loaded.
Package caption Info: End \AtBeginDocument code.

(/home/abolfazl/Documents/Programs/Texlive/2024/texmf-dist/tex/latex/pdflscape/
pdflscape.sty
Package: pdflscape 2022-10-27 v0.13 Display of landscape pages in PDF

(/home/abolfazl/Documents/Programs/Texlive/2024/texmf-dist/tex/latex/pdflscape/
pdflscape-nometadata.sty
Package: pdflscape-nometadata 2022-10-28 v0.13 Display of landscape pages in PD
F (HO)

(/home/abolfazl/Documents/Programs/Texlive/2024/texmf-dist/tex/latex/graphics/l
scape.sty
Package: lscape 2020/05/28 v3.02 Landscape Pages (DPC)
)
(/home/abolfazl/Documents/Programs/Texlive/2024/texmf-dist/tex/xelatex/bidi/lsc
ape-xetex-bidi.def
File: lscape-xetex-bidi.def 2025/01/03 v0.3 bidi adaptations for lscape package
 for XeTeX engine
)
Package pdflscape Info: Auto-detected driver: dvipdfm (xetex) on input line 98.

))
(/home/abolfazl/Documents/Programs/Texlive/2024/texmf-dist/tex/xelatex/bidi/pdf
lscape-xetex-bidi.def
File: pdflscape-xetex-bidi.def 2022/02/18 v0.1 bidi adaptations for pdflscape p
ackage for XeTeX engine
)
\c@lstlisting=\count490
Package hyperref Info: Link coloring ON on input line 13.
 (./FinalExam.out) (./FinalExam.out)
\@outlinefile=\write10
\openout10 = `FinalExam.out'.


Package fontspec Info: 
(fontspec)             IRNazanin scale = 1.25.

LaTeX Info: Redefining \persianfont on input line 56.

Package fontspec Info: 
(fontspec)             Linux Libertine scale = 1.


Package fontspec Info: 
(fontspec)             Linux Libertine scale = 1.


Package fontspec Info: 
(fontspec)             Linux Libertine scale = 1.


Package fontspec Info: 
(fontspec)             Linux Libertine/B scale = 1.


Package fontspec Info: 
(fontspec)             Linux Libertine/B scale = 1.


Package fontspec Info: 
(fontspec)             Linux Libertine/I scale = 1.


Package fontspec Info: 
(fontspec)             Linux Libertine/I scale = 1.


Package fontspec Info: 
(fontspec)             Linux Libertine/BI scale = 1.


Package fontspec Info: 
(fontspec)             Font family 'LinuxLibertine(1)' created for font 'Linux
(fontspec)             Libertine' with options [Ligatures=TeX,Scale=1].
(fontspec)              
(fontspec)              This font family consists of the following NFSS
(fontspec)             series/shapes:
(fontspec)              
(fontspec)             - 'normal' (m/n) with NFSS spec.: <->s*[1]"Linux
(fontspec)             Libertine/OT:script=latn;language=dflt;mapping=tex-text;
"
(fontspec)             - 'small caps'  (m/sc) with NFSS spec.: <->s*[1]"Linux
(fontspec)             Libertine/OT:script=latn;language=dflt;+smcp;mapping=tex
-text;"
(fontspec)             - 'bold' (b/n) with NFSS spec.: <->s*[1]"Linux
(fontspec)             Libertine/B/OT:script=latn;language=dflt;mapping=tex-tex
t;"
(fontspec)             - 'bold small caps'  (b/sc) with NFSS spec.:
(fontspec)             <->s*[1]"Linux
(fontspec)             Libertine/B/OT:script=latn;language=dflt;+smcp;mapping=t
ex-text;"
(fontspec)             - 'italic' (m/it) with NFSS spec.: <->s*[1]"Linux
(fontspec)             Libertine/I/OT:script=latn;language=dflt;mapping=tex-tex
t;"
(fontspec)             - 'italic small caps'  (m/scit) with NFSS spec.:
(fontspec)             <->s*[1]"Linux
(fontspec)             Libertine/I/OT:script=latn;language=dflt;+smcp;mapping=t
ex-text;"
(fontspec)             - 'bold italic' (b/it) with NFSS spec.: <->s*[1]"Linux
(fontspec)             Libertine/BI/OT:script=latn;language=dflt;mapping=tex-te
xt;"

LaTeX Info: Redefining \latinfont on input line 56.
LaTeX Font Info:    Trying to load font information for U+msa on input line 56.


(/home/abolfazl/Documents/Programs/Texlive/2024/texmf-dist/tex/latex/amsfonts/u
msa.fd
File: umsa.fd 2013/01/14 v3.01 AMS symbols A
)
LaTeX Font Info:    Trying to load font information for U+msb on input line 56.


(/home/abolfazl/Documents/Programs/Texlive/2024/texmf-dist/tex/latex/amsfonts/u
msb.fd
File: umsb.fd 2013/01/14 v3.01 AMS symbols B
)
LaTeX Font Info:    Trying to load font information for U+wasy on input line 56
.

(/home/abolfazl/Documents/Programs/Texlive/2024/texmf-dist/tex/latex/wasysym/uw
asy.fd
File: uwasy.fd 2020/01/19 v2.4 Wasy-2 symbol font definitions
)
File: ../..//tex/images/icon/archeryf.pdf Graphic file (type pdf)
<use ../..//tex/images/icon/archeryf.pdf>
LaTeX Font Info:    Font shape `TU/LinuxLibertine(0)/m/n' will be
(Font)              scaled to size 11.00006pt on input line 56.
 (./bankA.tex)

[1

\openout5 = `FinalExam.xdy'.

]

[2]

Package fontspec Info: 
(fontspec)             IRNazanin scale = 1.25.

LaTeX Info: Redefining \persianfont on input line 56.

Package fontspec Info: 
(fontspec)             Linux Libertine scale = 1.

LaTeX Info: Redefining \latinfont on input line 56.
File: ../..//tex/images/icon/archeryf.pdf Graphic file (type pdf)
<use ../..//tex/images/icon/archeryf.pdf>
 (./bankA.tex)

[3

]

[4]

Package fontspec Info: 
(fontspec)             IRNazanin scale = 1.25.

LaTeX Info: Redefining \persianfont on input line 56.

Package fontspec Info: 
(fontspec)             Linux Libertine scale = 1.

LaTeX Info: Redefining \latinfont on input line 56.
File: ../..//tex/images/icon/archeryf.pdf Graphic file (type pdf)
<use ../..//tex/images/icon/archeryf.pdf>
 (./bankA.tex)

[5

]

[6]

Package glossaries Warning: No \printglossary or \printglossaries found. 
(Remove \makeglossaries if you don't want any glossaries.) 
This document will not have a glossary.

(./FinalExam.aux)
 ***********
LaTeX2e <2024-11-01> patch level 1
L3 programming layer <2024-12-25>
 ***********
Package rerunfilecheck Info: File `FinalExam.out' has not changed.
(rerunfilecheck)             Checksum: D41D8CD98F00B204E9800998ECF8427E;0.
 ) 
Here is how much of TeX's memory you used:
 38543 strings out of 473885
 788658 string characters out of 11470658
 13253611 words of memory out of 24000000
 60678 multiletter control sequences out of 15000+600000
 561844 words of font info for 96 fonts, out of 12000000 for 9000
 1348 hyphenation exceptions out of 8191
 111i,13n,131p,2496b,811s stack positions out of 10000i,1000n,20000p,12000000b,200000s

Output written on FinalExam.pdf (6 pages).
