This is XeTeX, Version 3.141592653-2.6-0.999996 (TeX Live 2024) (preloaded format=xelatex 2025.2.15)  17 FEB 2025 07:35
entering extended mode
 restricted \write18 enabled.
 %&-line parsing enabled.
**e.tex
(./e.tex
LaTeX2e <2024-11-01> patch level 2
L3 programming layer <2025-01-18>

(/home/abolfazl/Documents/Programs/Texlive/2024/texmf-dist/tex/latex/base/repor
t.cls
Document Class: report 2024/06/29 v1.4n Standard LaTeX document class

(/home/abolfazl/Documents/Programs/Texlive/2024/texmf-dist/tex/latex/base/size1
0.clo
File: size10.clo 2024/06/29 v1.4n Standard LaTeX file (size option)
)
\c@part=\count192
\c@chapter=\count193
\c@section=\count194
\c@subsection=\count195
\c@subsubsection=\count196
\c@paragraph=\count197
\c@subparagraph=\count198
\c@figure=\count199
\c@table=\count266
\abovecaptionskip=\skip49
\belowcaptionskip=\skip50
\bibindent=\dimen141
)
(/home/abolfazl/Documents/Programs/Texlive/2024/texmf-dist/tex/latex/geometry/g
eometry.sty
Package: geometry 2020/01/02 v5.9 Page Geometry

(/home/abolfazl/Documents/Programs/Texlive/2024/texmf-dist/tex/latex/graphics/k
eyval.sty
Package: keyval 2022/05/29 v1.15 key=value parser (DPC)
\KV@toks@=\toks17
)
(/home/abolfazl/Documents/Programs/Texlive/2024/texmf-dist/tex/generic/iftex/if
vtex.sty
Package: ifvtex 2019/10/25 v1.7 ifvtex legacy package. Use iftex instead.

(/home/abolfazl/Documents/Programs/Texlive/2024/texmf-dist/tex/generic/iftex/if
tex.sty
Package: iftex 2024/12/12 v1.0g TeX engine tests
))
\Gm@cnth=\count267
\Gm@cntv=\count268
\c@Gm@tempcnt=\count269
\Gm@bindingoffset=\dimen142
\Gm@wd@mp=\dimen143
\Gm@odd@mp=\dimen144
\Gm@even@mp=\dimen145
\Gm@layoutwidth=\dimen146
\Gm@layoutheight=\dimen147
\Gm@layouthoffset=\dimen148
\Gm@layoutvoffset=\dimen149
\Gm@dimlist=\toks18
)
(/home/abolfazl/Documents/Programs/Texlive/2024/texmf-dist/tex/latex/graphics/c
olor.sty
Package: color 2024/06/23 v1.3e Standard LaTeX Color (DPC)

(/home/abolfazl/Documents/Programs/Texlive/2024/texmf-dist/tex/latex/graphics-c
fg/color.cfg
File: color.cfg 2016/01/02 v1.6 sample color configuration
)
Package color Info: Driver file: xetex.def on input line 149.

(/home/abolfazl/Documents/Programs/Texlive/2024/texmf-dist/tex/latex/graphics-d
ef/xetex.def
File: xetex.def 2022/09/22 v5.0n Graphics/color driver for xetex
)
(/home/abolfazl/Documents/Programs/Texlive/2024/texmf-dist/tex/latex/graphics/d
vipsnam.def
File: dvipsnam.def 2016/06/17 v3.0m Driver-dependent file (DPC,SPQR)
)
(/home/abolfazl/Documents/Programs/Texlive/2024/texmf-dist/tex/latex/graphics/m
athcolor.ltx))
(/home/abolfazl/Documents/Programs/Texlive/2024/texmf-dist/tex/latex/xcolor/xco
lor.sty
Package: xcolor 2024/09/29 v3.02 LaTeX color extensions (UK)

(/home/abolfazl/Documents/Programs/Texlive/2024/texmf-dist/tex/latex/graphics-c
fg/color.cfg
File: color.cfg 2016/01/02 v1.6 sample color configuration
)

Package xcolor Warning: Package option `usenames' is obsolete and ignored on in
put line 265.

Package xcolor Info: Driver file: xetex.def on input line 274.
LaTeX Info: Redefining \color on input line 762.

(/home/abolfazl/Documents/Programs/Texlive/2024/texmf-dist/tex/latex/graphics/m
athcolor.ltx)
Package xcolor Info: Model `cmy' substituted by `cmy0' on input line 1349.
Package xcolor Info: Model `RGB' extended on input line 1365.
Package xcolor Info: Model `HTML' substituted by `rgb' on input line 1367.
Package xcolor Info: Model `Hsb' substituted by `hsb' on input line 1368.
Package xcolor Info: Model `tHsb' substituted by `hsb' on input line 1369.
Package xcolor Info: Model `HSB' substituted by `hsb' on input line 1370.
Package xcolor Info: Model `Gray' substituted by `gray' on input line 1371.
Package xcolor Info: Model `wave' substituted by `hsb' on input line 1372.
)
(/home/abolfazl/Documents/Programs/Texlive/2024/texmf-dist/tex/latex/graphics/d
vipsnam.def
File: dvipsnam.def 2016/06/17 v3.0m Driver-dependent file (DPC,SPQR)
)
(/home/abolfazl/Documents/Programs/Texlive/2024/texmf-dist/tex/latex/listings/l
istings.sty
\lst@mode=\count270
\lst@gtempboxa=\box52
\lst@token=\toks19
\lst@length=\count271
\lst@currlwidth=\dimen150
\lst@column=\count272
\lst@pos=\count273
\lst@lostspace=\dimen151
\lst@width=\dimen152
\lst@newlines=\count274
\lst@lineno=\count275
\lst@maxwidth=\dimen153

(/home/abolfazl/Documents/Programs/Texlive/2024/texmf-dist/tex/latex/listings/l
stpatch.sty
File: lstpatch.sty 2024/09/23 1.10c (Carsten Heinz)
)
(/home/abolfazl/Documents/Programs/Texlive/2024/texmf-dist/tex/latex/listings/l
stmisc.sty
File: lstmisc.sty 2024/09/23 1.10c (Carsten Heinz)
\c@lstnumber=\count276
\lst@skipnumbers=\count277
\lst@framebox=\box53
)
(/home/abolfazl/Documents/Programs/Texlive/2024/texmf-dist/tex/latex/listings/l
istings.cfg
File: listings.cfg 2024/09/23 1.10c listings configuration
))
Package: listings 2024/09/23 1.10c (Carsten Heinz)

(/home/abolfazl/Documents/Programs/Texlive/2024/texmf-dist/tex/xelatex/xepersia
n/xepersian.sty
Package: xepersian 2025/02/02 v25.2.2 (Release Persian Gate) Persian typesettin
g in XeLaTeX

****************************************************
* 
* xepersian package (Persian for LaTeX, using XeTeX engine)
* 
* Description: The package supports Persian
* typesetting, using fonts provided in the
* distribution.
* 
* Copyright (c) 2008--2025 Vafa Khalighi
* Copyright (c) 2018--2020 bidi-tex GitHub Organization
* 
* v25.2.2 (Release Persian Gate), 2025/02/02
* 
* License: LaTeX Project Public License, version
* 1.3c or higher (your choice)
* 
* Location on CTAN: /macros/xetex/latex/xepersian
* 
* Issue tracker: https://github.com/xepersian/xepersian/issues
* 
* Discussions: https://github.com/xepersian/xepersian/discussions
* 
* Primary author of xepersian package: Vafa Khalighi.
* 
****************************************************

(/home/abolfazl/Documents/Programs/Texlive/2024/texmf-dist/tex/latex/fontspec/f
ontspec.sty
(/home/abolfazl/Documents/Programs/Texlive/2024/texmf-dist/tex/latex/l3packages
/xparse/xparse.sty
(/home/abolfazl/Documents/Programs/Texlive/2024/texmf-dist/tex/latex/l3kernel/e
xpl3.sty
Package: expl3 2025-01-18 L3 programming layer (loader) 

(/home/abolfazl/Documents/Programs/Texlive/2024/texmf-dist/tex/latex/l3backend/
l3backend-xetex.def
File: l3backend-xetex.def 2024-05-08 L3 backend support: XeTeX
\g__graphics_track_int=\count278
\l__pdf_internal_box=\box54
\g__pdf_backend_annotation_int=\count279
\g__pdf_backend_link_int=\count280
))
Package: xparse 2024-08-16 L3 Experimental document command parser
)
Package: fontspec 2024/05/11 v2.9e Font selection for XeLaTeX and LuaLaTeX

(/home/abolfazl/Documents/Programs/Texlive/2024/texmf-dist/tex/latex/fontspec/f
ontspec-xetex.sty
Package: fontspec-xetex 2024/05/11 v2.9e Font selection for XeLaTeX and LuaLaTe
X
\l__fontspec_script_int=\count281
\l__fontspec_language_int=\count282
\l__fontspec_strnum_int=\count283
\l__fontspec_tmp_int=\count284
\l__fontspec_tmpa_int=\count285
\l__fontspec_tmpb_int=\count286
\l__fontspec_tmpc_int=\count287
\l__fontspec_em_int=\count288
\l__fontspec_emdef_int=\count289
\l__fontspec_strong_int=\count290
\l__fontspec_strongdef_int=\count291
\l__fontspec_tmpa_dim=\dimen154
\l__fontspec_tmpb_dim=\dimen155
\l__fontspec_tmpc_dim=\dimen156

(/home/abolfazl/Documents/Programs/Texlive/2024/texmf-dist/tex/latex/base/fonte
nc.sty
Package: fontenc 2021/04/29 v2.0v Standard LaTeX package
)
(/home/abolfazl/Documents/Programs/Texlive/2024/texmf-dist/tex/latex/fontspec/f
ontspec.cfg)))
(/home/abolfazl/Documents/Programs/Texlive/2024/texmf-dist/tex/xelatex/xepersia
n/xepersian-persiancal.sty
Package: xepersian-persiancal 2025/01/01 v0.3 provides Persian calendar
\XePersian@i=\count292
\XePersian@y=\count293
\XePersian@m=\count294
\XePersian@d=\count295
\XePersian@latini=\count296
\XePersian@persiani=\count297
\XePersian@latinii=\count298
\XePersian@persianii=\count299
\XePersian@latiniii=\count300
\XePersian@persianiii=\count301
\XePersian@latiniv=\count302
\XePersian@persianiv=\count303
\XePersian@latinv=\count304
\XePersian@persianv=\count305
\XePersian@latinvi=\count306
\XePersian@persianvi=\count307
\XePersian@latinvii=\count308
\XePersian@persianvii=\count309
\XePersian@latinviii=\count310
\XePersian@persianviii=\count311
\XePersian@latinix=\count312
\XePersian@persianix=\count313
\XePersian@latinx=\count314
\XePersian@persianx=\count315
\XePersian@latinxi=\count316
\XePersian@persianxi=\count317
\XePersian@latinxii=\count318
\XePersian@persianxii=\count319
\XePersian@persianxiii=\count320
\XePersian@temp=\count321
\XePersian@temptwo=\count322
\XePersian@tempthree=\count323
\XePersian@yModHundred=\count324
\XePersian@thirtytwo=\count325
\XePersian@dn=\count326
\XePersian@sn=\count327
\XePersian@mminusone=\count328
)
(/home/abolfazl/Documents/Programs/Texlive/2024/texmf-dist/tex/xelatex/xepersia
n/unicode-persianmath.sty
Package: unicode-persianmath 2025/02/02 v1.2.3 Unicode Persian math
)
(/home/abolfazl/Documents/Programs/Texlive/2024/texmf-dist/tex/xelatex/bidi/bid
i.sty
Package: bidi 2025/02/02 v25.2.2 (Release Maryam Mirzakhani) Bidirectional type
setting in plain TeX and LaTeX

****************************************************
* 
* bidi package (Bidirectional typesetting in
* plain TeX and LaTeX, using XeTeX engine)
* 
* Description: A convenient interface for
* typesetting bidirectional texts in plain TeX
* and LaTeX. The package includes adaptations
* for use with many other commonly-used packages.
* 
* Copyright (c) 2007--2025 Vafa Khalighi
* Copyright (c) 2018--2020 bidi-tex GitHub organization
* 
* v25.2.2 (Release Maryam Mirzakhani), 2025/02/02
* 
* License: LaTeX Project Public License, version
* 1.3c or higher (your choice)
* 
* Location on CTAN: /macros/xetex/latex/bidi
* 
* Issue tracker: https://github.com/xepersian/bidi/issues
* 
* Discussions: https://github.com/xepersian/bidi/discussions
* 
* Primary author of bidi package: Vafa Khalighi.
* 
****************************************************

(/home/abolfazl/Documents/Programs/Texlive/2024/texmf-dist/tex/xelatex/bidi/bid
itools.sty
Package: biditools 2025/02/02 v2.7 Programming tools for bidi package
\@bidi@envbody=\toks20
\@bidi@emptytoks=\toks21
\bidi@poscount=\count329
\bidi@tempcountb=\count330
\bidi@temptoksa=\toks22
\bidi@temptoksb=\toks23
\bidi@dummies=\count331
\bidi@are@these@correct=\toks24
\bidi@toks@lista=\toks25
\bidi@toks@listb=\toks26
\bidi@stack@length=\count332
\bidi@empty@stack=\toks27
\bidi@looprepeat@depth=\count333
)
(/home/abolfazl/Documents/Programs/Texlive/2024/texmf-dist/tex/latex/zref/zref-
abspage.sty
Package: zref-abspage 2023-09-14 v2.35 Module abspage for zref (HO)

(/home/abolfazl/Documents/Programs/Texlive/2024/texmf-dist/tex/latex/zref/zref-
base.sty
Package: zref-base 2023-09-14 v2.35 Module base for zref (HO)

(/home/abolfazl/Documents/Programs/Texlive/2024/texmf-dist/tex/generic/ltxcmds/
ltxcmds.sty
Package: ltxcmds 2023-12-04 v1.26 LaTeX kernel commands for general use (HO)
)
(/home/abolfazl/Documents/Programs/Texlive/2024/texmf-dist/tex/generic/infwarer
r/infwarerr.sty
Package: infwarerr 2019/12/03 v1.5 Providing info/warning/error messages (HO)
)
(/home/abolfazl/Documents/Programs/Texlive/2024/texmf-dist/tex/latex/kvsetkeys/
kvsetkeys.sty
Package: kvsetkeys 2022-10-05 v1.19 Key value parser (HO)
)
(/home/abolfazl/Documents/Programs/Texlive/2024/texmf-dist/tex/generic/kvdefine
keys/kvdefinekeys.sty
Package: kvdefinekeys 2019-12-19 v1.6 Define keys (HO)
)
(/home/abolfazl/Documents/Programs/Texlive/2024/texmf-dist/tex/generic/pdftexcm
ds/pdftexcmds.sty
Package: pdftexcmds 2020-06-27 v0.33 Utility functions of pdfTeX for LuaTeX (HO
)
Package pdftexcmds Info: \pdf@primitive is available.
Package pdftexcmds Info: \pdf@ifprimitive is available.
Package pdftexcmds Info: \pdfdraftmode not found.
)
(/home/abolfazl/Documents/Programs/Texlive/2024/texmf-dist/tex/generic/etexcmds
/etexcmds.sty
Package: etexcmds 2019/12/15 v1.7 Avoid name clashes with e-TeX commands (HO)
)
(/home/abolfazl/Documents/Programs/Texlive/2024/texmf-dist/tex/latex/auxhook/au
xhook.sty
Package: auxhook 2019-12-17 v1.6 Hooks for auxiliary files (HO)
)
Package zref Info: New property list: main on input line 767.
Package zref Info: New property: default on input line 768.
Package zref Info: New property: page on input line 769.
)
\c@abspage=\count334
Package zref Info: New property: abspage on input line 67.
)
\@bidi@copyins@=\insert252
\bidi@typesethour=\count335
\bidi@typesetminute=\count336

(/home/abolfazl/Documents/Programs/Texlive/2024/texmf-dist/tex/xelatex/bidi/lat
ex-xetex-bidi.def
File: latex-xetex-bidi.def 2025/01/03 v1.5.2 bidi adaptations for `latex.ltx' f
or XeTeX engine
\bidi@n@everypar=\toks28
LaTeX Info: Redefining \centerline on input line 316.
LaTeX Info: Redefining \leftline on input line 325.
LaTeX Info: Redefining \rightline on input line 326.
LaTeX Info: Redefining \underline on input line 334.
\bidi@column@check@number=\count337

(/home/abolfazl/Documents/Programs/Texlive/2024/texmf-dist/tex/xelatex/bidi/foo
tnote-xetex-bidi.def
File: footnote-xetex-bidi.def 2024/12/14 v1.3 bidi footnote macros for XeTeX en
gine
\c@footdir@label=\count338
\footdir@toks=\toks29
)
(/home/abolfazl/Documents/Programs/Texlive/2024/texmf-dist/tex/xelatex/bidi/col
or-xetex-bidi.def
File: color-xetex-bidi.def 2013/04/08 v0.2 bidi adaptations for color package f
or XeTeX engine
LaTeX Info: Redefining \color on input line 49.
)
(/home/abolfazl/Documents/Programs/Texlive/2024/texmf-dist/tex/xelatex/bidi/geo
metry-xetex-bidi.def
File: geometry-xetex-bidi.def 2017/01/14 v0.2 bidi adaptations for geometry pac
kage for XeTeX engine
)
(/home/abolfazl/Documents/Programs/Texlive/2024/texmf-dist/tex/xelatex/bidi/lis
tings-xetex-bidi.def
File: listings-xetex-bidi.def 2025/01/03 v1.6 bidi adaptations for listings pac
kage for XeTeX engine
)
(/home/abolfazl/Documents/Programs/Texlive/2024/texmf-dist/tex/xelatex/bidi/xco
lor-xetex-bidi.def
File: xcolor-xetex-bidi.def 2022/06/13 v0.3 bidi adaptations for xcolor package
 for XeTeX engine
LaTeX Info: Redefining \color on input line 48.
LaTeX Info: Redefining \bidicolor on input line 91.
))
\bidi@digits=\count339
\bidi@digits@charclass=\XeTeXcharclass1
\bidi@sepmark@charclass=\XeTeXcharclass2
)
\xepersian@tcl=\count340
\xepersian@ilg=\dimen157
\xepersian@strutilg=\dimen158

(/home/abolfazl/Documents/Programs/Texlive/2024/texmf-dist/tex/xelatex/xepersia
n/footnote-xetex-bidi-xetex-xepersian.def
File: footnote-xetex-bidi-xetex-xepersian.def 2017/08/09 v0.6 xepersian adaptat
ions for footnotes for XeTeX engine
)
(/home/abolfazl/Documents/Programs/Texlive/2024/texmf-dist/tex/xelatex/xepersia
n/report-xetex-xepersian.def
File: report-xetex-xepersian.def 2010/07/25 v0.2 xepersian adaptations for repo
rt class for XeTeX engine
)
(/home/abolfazl/Documents/Programs/Texlive/2024/texmf-dist/tex/xelatex/xepersia
n/listings-xetex-xepersian.def
File: listings-xetex-xepersian.def 2014/07/17 v0.3 xepersian adaptations for li
stings package for XeTeX engine
)
\xepersian@toks=\toks30
)

Package fontspec Info: 
(fontspec)             Font family 'lmroman10-regular(0)' created for font
(fontspec)             'lmroman10-regular' with options
(fontspec)             [Ligatures=TeX,Path,BoldFont={lmroman10-bold},BoldItalic
Font={lmroman10-bolditalic},ItalicFont={lmroman10-italic},SmallCapsFont={lmroma
ncaps10-regular},SlantedFont={lmromanslant10-regular},BoldSlantedFont={lmromans
lant10-bold}].
(fontspec)              
(fontspec)              This font family consists of the following NFSS
(fontspec)             series/shapes:
(fontspec)              
(fontspec)             - 'normal' (m/n) with NFSS spec.:
(fontspec)             <->"[lmroman10-regular]/OT:script=latn;language=dflt;map
ping=tex-text;"
(fontspec)             - 'small caps'  (m/sc) with NFSS spec.:
(fontspec)             <->"[lmromancaps10-regular]/OT:script=latn;language=dflt
;mapping=tex-text;"
(fontspec)             - 'bold' (b/n) with NFSS spec.:
(fontspec)             <->"[lmroman10-bold]/OT:script=latn;language=dflt;mappin
g=tex-text;"
(fontspec)             - 'bold small caps'  (b/sc) with NFSS spec.:
(fontspec)             <->"[lmromancaps10-regular]/OT:script=latn;language=dflt
;mapping=tex-text;"
(fontspec)             - 'italic' (m/it) with NFSS spec.:
(fontspec)             <->"[lmroman10-italic]/OT:script=latn;language=dflt;mapp
ing=tex-text;"
(fontspec)             - 'italic small caps'  (m/scit) with NFSS spec.:
(fontspec)             <->"[lmromancaps10-regular]/OT:script=latn;language=dflt
;mapping=tex-text;"
(fontspec)             - 'slanted' (m/sl) with NFSS spec.:
(fontspec)             <->"[lmromanslant10-regular]/OT:script=latn;language=dfl
t;mapping=tex-text;"
(fontspec)             - 'slanted small caps'  (m/scsl) with NFSS spec.:
(fontspec)             <->"[lmromancaps10-regular]/OT:script=latn;language=dflt
;mapping=tex-text;"
(fontspec)             - 'bold italic' (b/it) with NFSS spec.:
(fontspec)             <->"[lmroman10-bolditalic]/OT:script=latn;language=dflt;
mapping=tex-text;"
(fontspec)             - 'bold italic small caps'  (b/scit) with NFSS spec.:
(fontspec)             <->"[lmromancaps10-regular]/OT:script=latn;language=dflt
;mapping=tex-text;"
(fontspec)             - 'bold slanted' (b/sl) with NFSS spec.:
(fontspec)             <->"[lmromanslant10-bold]/OT:script=latn;language=dflt;m
apping=tex-text;"
(fontspec)             - 'bold slanted small caps'  (b/scsl) with NFSS spec.:
(fontspec)             <->"[lmromancaps10-regular]/OT:script=latn;language=dflt
;mapping=tex-text;"


Package fontspec Info: 
(fontspec)             IRNazanin scale = 1.25.


Package fontspec Info: 
(fontspec)             IRNazanin scale = 1.25.


Package fontspec Info: 
(fontspec)             IRNazanin/B scale = 1.25.


Package fontspec Info: 
(fontspec)             IRNazanin/I scale = 1.25.


Package fontspec Info: 
(fontspec)             IRNazanin/BI scale = 1.25.


Package fontspec Info: 
(fontspec)             Font family 'IRNazanin(0)' created for font 'IRNazanin'
(fontspec)             with options
(fontspec)             [RawFeature={script=arab},Ligatures=PersianTeX,Scale=1.2
5].
(fontspec)              
(fontspec)              This font family consists of the following NFSS
(fontspec)             series/shapes:
(fontspec)              
(fontspec)             - 'normal' (m/n) with NFSS spec.:
(fontspec)             <->s*[1.25]"IRNazanin/OT:language=dflt;script=arab;mappi
ng=persian-tex-text;"
(fontspec)             - 'bold' (b/n) with NFSS spec.:
(fontspec)             <->s*[1.25]"IRNazanin/B/OT:language=dflt;script=arab;map
ping=persian-tex-text;"
(fontspec)             - 'italic' (m/it) with NFSS spec.:
(fontspec)             <->s*[1.25]"IRNazanin/I/OT:language=dflt;script=arab;map
ping=persian-tex-text;"
(fontspec)             - 'bold italic' (b/it) with NFSS spec.:
(fontspec)             <->s*[1.25]"IRNazanin/BI/OT:language=dflt;script=arab;ma
pping=persian-tex-text;"

LaTeX Font Info:    Font shape `TU/IRNazanin(0)/m/n' will be
(Font)              scaled to size 12.5pt on input line 19.

Package fontspec Info: 
(fontspec)             Linux Libertine scale = 1.


Package fontspec Info: 
(fontspec)             Linux Libertine scale = 1.


Package fontspec Info: 
(fontspec)             Linux Libertine scale = 1.


Package fontspec Info: 
(fontspec)             Linux Libertine/B scale = 1.


Package fontspec Info: 
(fontspec)             Linux Libertine/B scale = 1.


Package fontspec Info: 
(fontspec)             Linux Libertine/I scale = 1.


Package fontspec Info: 
(fontspec)             Linux Libertine/I scale = 1.


Package fontspec Info: 
(fontspec)             Linux Libertine/BI scale = 1.


Package fontspec Info: 
(fontspec)             Font family 'LinuxLibertine(0)' created for font 'Linux
(fontspec)             Libertine' with options [Ligatures=TeX,Scale=1].
(fontspec)              
(fontspec)              This font family consists of the following NFSS
(fontspec)             series/shapes:
(fontspec)              
(fontspec)             - 'normal' (m/n) with NFSS spec.: <->s*[1]"Linux
(fontspec)             Libertine/OT:script=latn;language=dflt;mapping=tex-text;
"
(fontspec)             - 'small caps'  (m/sc) with NFSS spec.: <->s*[1]"Linux
(fontspec)             Libertine/OT:script=latn;language=dflt;+smcp;mapping=tex
-text;"
(fontspec)             - 'bold' (b/n) with NFSS spec.: <->s*[1]"Linux
(fontspec)             Libertine/B/OT:script=latn;language=dflt;mapping=tex-tex
t;"
(fontspec)             - 'bold small caps'  (b/sc) with NFSS spec.:
(fontspec)             <->s*[1]"Linux
(fontspec)             Libertine/B/OT:script=latn;language=dflt;+smcp;mapping=t
ex-text;"
(fontspec)             - 'italic' (m/it) with NFSS spec.: <->s*[1]"Linux
(fontspec)             Libertine/I/OT:script=latn;language=dflt;mapping=tex-tex
t;"
(fontspec)             - 'italic small caps'  (m/scit) with NFSS spec.:
(fontspec)             <->s*[1]"Linux
(fontspec)             Libertine/I/OT:script=latn;language=dflt;+smcp;mapping=t
ex-text;"
(fontspec)             - 'bold italic' (b/it) with NFSS spec.: <->s*[1]"Linux
(fontspec)             Libertine/BI/OT:script=latn;language=dflt;mapping=tex-te
xt;"

LaTeX Info: Redefining \latinfont on input line 20.

(/home/abolfazl/Documents/Programs/Texlive/2024/texmf-dist/tex/latex/listings/l
stlang1.sty
File: lstlang1.sty 2024/09/23 1.10c listings language file
)
(/home/abolfazl/Documents/Programs/Texlive/2024/texmf-dist/tex/xelatex/bidi/rep
ort-xetex-bidi.def
File: report-xetex-bidi.def 2025/02/02 v0.9 bidi adaptations for standard repor
t class for XeTeX engine
) (./e.aux)
\openout1 = `e.aux'.

LaTeX Font Info:    Checking defaults for OML/cmm/m/it on input line 77.
LaTeX Font Info:    ... okay on input line 77.
LaTeX Font Info:    Checking defaults for OMS/cmsy/m/n on input line 77.
LaTeX Font Info:    ... okay on input line 77.
LaTeX Font Info:    Checking defaults for OT1/cmr/m/n on input line 77.
LaTeX Font Info:    ... okay on input line 77.
LaTeX Font Info:    Checking defaults for T1/cmr/m/n on input line 77.
LaTeX Font Info:    ... okay on input line 77.
LaTeX Font Info:    Checking defaults for TS1/cmr/m/n on input line 77.
LaTeX Font Info:    ... okay on input line 77.
LaTeX Font Info:    Checking defaults for TU/lmr/m/n on input line 77.
LaTeX Font Info:    ... okay on input line 77.
LaTeX Font Info:    Checking defaults for OMX/cmex/m/n on input line 77.
LaTeX Font Info:    ... okay on input line 77.
LaTeX Font Info:    Checking defaults for U/cmr/m/n on input line 77.
LaTeX Font Info:    ... okay on input line 77.

*geometry* driver: auto-detecting
*geometry* detected driver: xetex
*geometry* verbose mode - [ preamble ] result:
* driver: xetex
* paper: <default>
* layout: <same size as paper>
* layoutoffset:(h,v)=(0.0pt,0.0pt)
* modes: 
* h-part:(L,W,R)=(56.9055pt, 486.25761pt, 71.13188pt)
* v-part:(T,H,B)=(85.35826pt, 638.47984pt, 71.13188pt)
* \paperwidth=614.295pt
* \paperheight=794.96999pt
* \textwidth=486.25761pt
* \textheight=638.47984pt
* \oddsidemargin=-15.36449pt
* \evensidemargin=-15.36449pt
* \topmargin=-23.91173pt
* \headheight=12.0pt
* \headsep=25.0pt
* \topskip=10.0pt
* \footskip=30.0pt
* \marginparwidth=65.0pt
* \marginparsep=11.0pt
* \columnsep=10.0pt
* \skip\footins=9.0pt plus 4.0pt minus 2.0pt
* \hoffset=0.0pt
* \voffset=0.0pt
* \mag=1000
* \@twocolumnfalse
* \@twosidefalse
* \@mparswitchfalse
* \@reversemarginfalse
* (1in=72.27pt=25.4mm, 1cm=28.453pt)

\c@lstlisting=\count341
LaTeX Font Info:    Font shape `TU/LinuxLibertine(0)/m/n' will be
(Font)              scaled to size 10.0pt on input line 79.

(/home/abolfazl/Documents/Programs/Texlive/2024/texmf-dist/tex/latex/listings/l
stlang1.sty
File: lstlang1.sty 2024/09/23 1.10c listings language file
) (./Code/code3.m
LaTeX Font Info:    Font shape `TU/LinuxLibertine(0)/m/n' will be
(Font)              scaled to size 8.0pt on input line 1.
LaTeX Font Info:    Font shape `TU/lmtt/bx/n' in size <10> not available
(Font)              Font shape `TU/lmtt/b/n' tried instead on input line 1.
) (./Code/prog3.m)

[1

] (./Code/code4.m) (./Code/threadQueue.java

[2])
LaTeX Font Info:    External font `cmex10' loaded for size
(Font)              <7> on input line 123.
LaTeX Font Info:    External font `cmex10' loaded for size
(Font)              <5> on input line 123.


[3] (./e.aux)
 ***********
LaTeX2e <2024-11-01> patch level 2
L3 programming layer <2025-01-18>
 ***********
 ) 
Here is how much of TeX's memory you used:
 9507 strings out of 473840
 236037 string characters out of 11469167
 12826154 words of memory out of 24000000
 32422 multiletter control sequences out of 15000+600000
 559109 words of font info for 70 fonts, out of 12000000 for 9000
 1348 hyphenation exceptions out of 8191
 94i,6n,107p,1213b,1768s stack positions out of 10000i,1000n,20000p,12000000b,200000s

Output written on e.pdf (3 pages).
